../Core/Src/main.c:87:16:platform_write	48	static
../Core/Src/main.c:92:16:platform_read	48	static
../Core/Src/main.c:98:5:_write	24	static
../Core/Src/main.c:111:5:main	120	static
../Core/Src/main.c:199:6:SystemClock_Config	96	static
../Core/Src/main.c:245:13:MX_I2C1_Init	8	static
../Core/Src/main.c:293:13:MX_USART2_UART_Init	8	static
../Core/Src/main.c:326:13:MX_DMA_Init	16	static
../Core/Src/main.c:344:13:MX_GPIO_Init	56	static
../Core/Src/main.c:397:6:StartDefaultTask	16	static
../Core/Src/main.c:415:6:StartVisualTask	32	static
../Core/Src/main.c:449:6:StartAcceleroTask	40	static
../Core/Src/main.c:511:6:HAL_TIM_PeriodElapsedCallback	16	static
../Core/Src/main.c:528:6:Error_Handler	8	static,ignoring_inline_asm
