15:22:09 **** Build of configuration Debug for project cviceni5 ****
make -j4 all 
arm-none-eabi-gcc "../Drivers/STM32F0xx_HAL_Driver/Src/stm32f0xx_hal.c" -mcpu=cortex-m0 -std=gnu11 -g3 -DDEBUG -DUSE_HAL_DRIVER -DSTM32F030x8 -c -I../Core/Inc -I../Drivers/STM32F0xx_HAL_Driver/Inc -I../Drivers/STM32F0xx_HAL_Driver/Inc/Legacy -I../Drivers/CMSIS/Device/ST/STM32F0xx/Include -I../Drivers/CMSIS/Include -O0 -ffunction-sections -fdata-sections -Wall -fstack-usage -fcyclomatic-complexity -MMD -MP -MF"Drivers/STM32F0xx_HAL_Driver/Src/stm32f0xx_hal.d" -MT"Drivers/STM32F0xx_HAL_Driver/Src/stm32f0xx_hal.o" --specs=nano.specs -mfloat-abi=soft -mthumb -o "Drivers/STM32F0xx_HAL_Driver/Src/stm32f0xx_hal.o"
arm-none-eabi-gcc "../Drivers/STM32F0xx_HAL_Driver/Src/stm32f0xx_hal_cortex.c" -mcpu=cortex-m0 -std=gnu11 -g3 -DDEBUG -DUSE_HAL_DRIVER -DSTM32F030x8 -c -I../Core/Inc -I../Drivers/STM32F0xx_HAL_Driver/Inc -I../Drivers/STM32F0xx_HAL_Driver/Inc/Legacy -I../Drivers/CMSIS/Device/ST/STM32F0xx/Include -I../Drivers/CMSIS/Include -O0 -ffunction-sections -fdata-sections -Wall -fstack-usage -fcyclomatic-complexity -MMD -MP -MF"Drivers/STM32F0xx_HAL_Driver/Src/stm32f0xx_hal_cortex.d" -MT"Drivers/STM32F0xx_HAL_Driver/Src/stm32f0xx_hal_cortex.o" --specs=nano.specs -mfloat-abi=soft -mthumb -o "Drivers/STM32F0xx_HAL_Driver/Src/stm32f0xx_hal_cortex.o"
arm-none-eabi-gcc "../Drivers/STM32F0xx_HAL_Driver/Src/stm32f0xx_hal_dma.c" -mcpu=cortex-m0 -std=gnu11 -g3 -DDEBUG -DUSE_HAL_DRIVER -DSTM32F030x8 -c -I../Core/Inc -I../Drivers/STM32F0xx_HAL_Driver/Inc -I../Drivers/STM32F0xx_HAL_Driver/Inc/Legacy -I../Drivers/CMSIS/Device/ST/STM32F0xx/Include -I../Drivers/CMSIS/Include -O0 -ffunction-sections -fdata-sections -Wall -fstack-usage -fcyclomatic-complexity -MMD -MP -MF"Drivers/STM32F0xx_HAL_Driver/Src/stm32f0xx_hal_dma.d" -MT"Drivers/STM32F0xx_HAL_Driver/Src/stm32f0xx_hal_dma.o" --specs=nano.specs -mfloat-abi=soft -mthumb -o "Drivers/STM32F0xx_HAL_Driver/Src/stm32f0xx_hal_dma.o"
arm-none-eabi-gcc "../Drivers/STM32F0xx_HAL_Driver/Src/stm32f0xx_hal_exti.c" -mcpu=cortex-m0 -std=gnu11 -g3 -DDEBUG -DUSE_HAL_DRIVER -DSTM32F030x8 -c -I../Core/Inc -I../Drivers/STM32F0xx_HAL_Driver/Inc -I../Drivers/STM32F0xx_HAL_Driver/Inc/Legacy -I../Drivers/CMSIS/Device/ST/STM32F0xx/Include -I../Drivers/CMSIS/Include -O0 -ffunction-sections -fdata-sections -Wall -fstack-usage -fcyclomatic-complexity -MMD -MP -MF"Drivers/STM32F0xx_HAL_Driver/Src/stm32f0xx_hal_exti.d" -MT"Drivers/STM32F0xx_HAL_Driver/Src/stm32f0xx_hal_exti.o" --specs=nano.specs -mfloat-abi=soft -mthumb -o "Drivers/STM32F0xx_HAL_Driver/Src/stm32f0xx_hal_exti.o"
arm-none-eabi-gcc "../Drivers/STM32F0xx_HAL_Driver/Src/stm32f0xx_hal_flash.c" -mcpu=cortex-m0 -std=gnu11 -g3 -DDEBUG -DUSE_HAL_DRIVER -DSTM32F030x8 -c -I../Core/Inc -I../Drivers/STM32F0xx_HAL_Driver/Inc -I../Drivers/STM32F0xx_HAL_Driver/Inc/Legacy -I../Drivers/CMSIS/Device/ST/STM32F0xx/Include -I../Drivers/CMSIS/Include -O0 -ffunction-sections -fdata-sections -Wall -fstack-usage -fcyclomatic-complexity -MMD -MP -MF"Drivers/STM32F0xx_HAL_Driver/Src/stm32f0xx_hal_flash.d" -MT"Drivers/STM32F0xx_HAL_Driver/Src/stm32f0xx_hal_flash.o" --specs=nano.specs -mfloat-abi=soft -mthumb -o "Drivers/STM32F0xx_HAL_Driver/Src/stm32f0xx_hal_flash.o"
arm-none-eabi-gcc "../Drivers/STM32F0xx_HAL_Driver/Src/stm32f0xx_hal_flash_ex.c" -mcpu=cortex-m0 -std=gnu11 -g3 -DDEBUG -DUSE_HAL_DRIVER -DSTM32F030x8 -c -I../Core/Inc -I../Drivers/STM32F0xx_HAL_Driver/Inc -I../Drivers/STM32F0xx_HAL_Driver/Inc/Legacy -I../Drivers/CMSIS/Device/ST/STM32F0xx/Include -I../Drivers/CMSIS/Include -O0 -ffunction-sections -fdata-sections -Wall -fstack-usage -fcyclomatic-complexity -MMD -MP -MF"Drivers/STM32F0xx_HAL_Driver/Src/stm32f0xx_hal_flash_ex.d" -MT"Drivers/STM32F0xx_HAL_Driver/Src/stm32f0xx_hal_flash_ex.o" --specs=nano.specs -mfloat-abi=soft -mthumb -o "Drivers/STM32F0xx_HAL_Driver/Src/stm32f0xx_hal_flash_ex.o"
arm-none-eabi-gcc "../Drivers/STM32F0xx_HAL_Driver/Src/stm32f0xx_hal_gpio.c" -mcpu=cortex-m0 -std=gnu11 -g3 -DDEBUG -DUSE_HAL_DRIVER -DSTM32F030x8 -c -I../Core/Inc -I../Drivers/STM32F0xx_HAL_Driver/Inc -I../Drivers/STM32F0xx_HAL_Driver/Inc/Legacy -I../Drivers/CMSIS/Device/ST/STM32F0xx/Include -I../Drivers/CMSIS/Include -O0 -ffunction-sections -fdata-sections -Wall -fstack-usage -fcyclomatic-complexity -MMD -MP -MF"Drivers/STM32F0xx_HAL_Driver/Src/stm32f0xx_hal_gpio.d" -MT"Drivers/STM32F0xx_HAL_Driver/Src/stm32f0xx_hal_gpio.o" --specs=nano.specs -mfloat-abi=soft -mthumb -o "Drivers/STM32F0xx_HAL_Driver/Src/stm32f0xx_hal_gpio.o"
arm-none-eabi-gcc "../Drivers/STM32F0xx_HAL_Driver/Src/stm32f0xx_hal_i2c.c" -mcpu=cortex-m0 -std=gnu11 -g3 -DDEBUG -DUSE_HAL_DRIVER -DSTM32F030x8 -c -I../Core/Inc -I../Drivers/STM32F0xx_HAL_Driver/Inc -I../Drivers/STM32F0xx_HAL_Driver/Inc/Legacy -I../Drivers/CMSIS/Device/ST/STM32F0xx/Include -I../Drivers/CMSIS/Include -O0 -ffunction-sections -fdata-sections -Wall -fstack-usage -fcyclomatic-complexity -MMD -MP -MF"Drivers/STM32F0xx_HAL_Driver/Src/stm32f0xx_hal_i2c.d" -MT"Drivers/STM32F0xx_HAL_Driver/Src/stm32f0xx_hal_i2c.o" --specs=nano.specs -mfloat-abi=soft -mthumb -o "Drivers/STM32F0xx_HAL_Driver/Src/stm32f0xx_hal_i2c.o"
arm-none-eabi-gcc "../Drivers/STM32F0xx_HAL_Driver/Src/stm32f0xx_hal_i2c_ex.c" -mcpu=cortex-m0 -std=gnu11 -g3 -DDEBUG -DUSE_HAL_DRIVER -DSTM32F030x8 -c -I../Core/Inc -I../Drivers/STM32F0xx_HAL_Driver/Inc -I../Drivers/STM32F0xx_HAL_Driver/Inc/Legacy -I../Drivers/CMSIS/Device/ST/STM32F0xx/Include -I../Drivers/CMSIS/Include -O0 -ffunction-sections -fdata-sections -Wall -fstack-usage -fcyclomatic-complexity -MMD -MP -MF"Drivers/STM32F0xx_HAL_Driver/Src/stm32f0xx_hal_i2c_ex.d" -MT"Drivers/STM32F0xx_HAL_Driver/Src/stm32f0xx_hal_i2c_ex.o" --specs=nano.specs -mfloat-abi=soft -mthumb -o "Drivers/STM32F0xx_HAL_Driver/Src/stm32f0xx_hal_i2c_ex.o"
arm-none-eabi-gcc "../Drivers/STM32F0xx_HAL_Driver/Src/stm32f0xx_hal_pwr.c" -mcpu=cortex-m0 -std=gnu11 -g3 -DDEBUG -DUSE_HAL_DRIVER -DSTM32F030x8 -c -I../Core/Inc -I../Drivers/STM32F0xx_HAL_Driver/Inc -I../Drivers/STM32F0xx_HAL_Driver/Inc/Legacy -I../Drivers/CMSIS/Device/ST/STM32F0xx/Include -I../Drivers/CMSIS/Include -O0 -ffunction-sections -fdata-sections -Wall -fstack-usage -fcyclomatic-complexity -MMD -MP -MF"Drivers/STM32F0xx_HAL_Driver/Src/stm32f0xx_hal_pwr.d" -MT"Drivers/STM32F0xx_HAL_Driver/Src/stm32f0xx_hal_pwr.o" --specs=nano.specs -mfloat-abi=soft -mthumb -o "Drivers/STM32F0xx_HAL_Driver/Src/stm32f0xx_hal_pwr.o"
arm-none-eabi-gcc "../Drivers/STM32F0xx_HAL_Driver/Src/stm32f0xx_hal_pwr_ex.c" -mcpu=cortex-m0 -std=gnu11 -g3 -DDEBUG -DUSE_HAL_DRIVER -DSTM32F030x8 -c -I../Core/Inc -I../Drivers/STM32F0xx_HAL_Driver/Inc -I../Drivers/STM32F0xx_HAL_Driver/Inc/Legacy -I../Drivers/CMSIS/Device/ST/STM32F0xx/Include -I../Drivers/CMSIS/Include -O0 -ffunction-sections -fdata-sections -Wall -fstack-usage -fcyclomatic-complexity -MMD -MP -MF"Drivers/STM32F0xx_HAL_Driver/Src/stm32f0xx_hal_pwr_ex.d" -MT"Drivers/STM32F0xx_HAL_Driver/Src/stm32f0xx_hal_pwr_ex.o" --specs=nano.specs -mfloat-abi=soft -mthumb -o "Drivers/STM32F0xx_HAL_Driver/Src/stm32f0xx_hal_pwr_ex.o"
arm-none-eabi-gcc "../Drivers/STM32F0xx_HAL_Driver/Src/stm32f0xx_hal_rcc.c" -mcpu=cortex-m0 -std=gnu11 -g3 -DDEBUG -DUSE_HAL_DRIVER -DSTM32F030x8 -c -I../Core/Inc -I../Drivers/STM32F0xx_HAL_Driver/Inc -I../Drivers/STM32F0xx_HAL_Driver/Inc/Legacy -I../Drivers/CMSIS/Device/ST/STM32F0xx/Include -I../Drivers/CMSIS/Include -O0 -ffunction-sections -fdata-sections -Wall -fstack-usage -fcyclomatic-complexity -MMD -MP -MF"Drivers/STM32F0xx_HAL_Driver/Src/stm32f0xx_hal_rcc.d" -MT"Drivers/STM32F0xx_HAL_Driver/Src/stm32f0xx_hal_rcc.o" --specs=nano.specs -mfloat-abi=soft -mthumb -o "Drivers/STM32F0xx_HAL_Driver/Src/stm32f0xx_hal_rcc.o"
arm-none-eabi-gcc "../Drivers/STM32F0xx_HAL_Driver/Src/stm32f0xx_hal_rcc_ex.c" -mcpu=cortex-m0 -std=gnu11 -g3 -DDEBUG -DUSE_HAL_DRIVER -DSTM32F030x8 -c -I../Core/Inc -I../Drivers/STM32F0xx_HAL_Driver/Inc -I../Drivers/STM32F0xx_HAL_Driver/Inc/Legacy -I../Drivers/CMSIS/Device/ST/STM32F0xx/Include -I../Drivers/CMSIS/Include -O0 -ffunction-sections -fdata-sections -Wall -fstack-usage -fcyclomatic-complexity -MMD -MP -MF"Drivers/STM32F0xx_HAL_Driver/Src/stm32f0xx_hal_rcc_ex.d" -MT"Drivers/STM32F0xx_HAL_Driver/Src/stm32f0xx_hal_rcc_ex.o" --specs=nano.specs -mfloat-abi=soft -mthumb -o "Drivers/STM32F0xx_HAL_Driver/Src/stm32f0xx_hal_rcc_ex.o"
arm-none-eabi-gcc "../Drivers/STM32F0xx_HAL_Driver/Src/stm32f0xx_hal_tim.c" -mcpu=cortex-m0 -std=gnu11 -g3 -DDEBUG -DUSE_HAL_DRIVER -DSTM32F030x8 -c -I../Core/Inc -I../Drivers/STM32F0xx_HAL_Driver/Inc -I../Drivers/STM32F0xx_HAL_Driver/Inc/Legacy -I../Drivers/CMSIS/Device/ST/STM32F0xx/Include -I../Drivers/CMSIS/Include -O0 -ffunction-sections -fdata-sections -Wall -fstack-usage -fcyclomatic-complexity -MMD -MP -MF"Drivers/STM32F0xx_HAL_Driver/Src/stm32f0xx_hal_tim.d" -MT"Drivers/STM32F0xx_HAL_Driver/Src/stm32f0xx_hal_tim.o" --specs=nano.specs -mfloat-abi=soft -mthumb -o "Drivers/STM32F0xx_HAL_Driver/Src/stm32f0xx_hal_tim.o"
arm-none-eabi-gcc "../Drivers/STM32F0xx_HAL_Driver/Src/stm32f0xx_hal_tim_ex.c" -mcpu=cortex-m0 -std=gnu11 -g3 -DDEBUG -DUSE_HAL_DRIVER -DSTM32F030x8 -c -I../Core/Inc -I../Drivers/STM32F0xx_HAL_Driver/Inc -I../Drivers/STM32F0xx_HAL_Driver/Inc/Legacy -I../Drivers/CMSIS/Device/ST/STM32F0xx/Include -I../Drivers/CMSIS/Include -O0 -ffunction-sections -fdata-sections -Wall -fstack-usage -fcyclomatic-complexity -MMD -MP -MF"Drivers/STM32F0xx_HAL_Driver/Src/stm32f0xx_hal_tim_ex.d" -MT"Drivers/STM32F0xx_HAL_Driver/Src/stm32f0xx_hal_tim_ex.o" --specs=nano.specs -mfloat-abi=soft -mthumb -o "Drivers/STM32F0xx_HAL_Driver/Src/stm32f0xx_hal_tim_ex.o"
arm-none-eabi-gcc "../Drivers/STM32F0xx_HAL_Driver/Src/stm32f0xx_hal_uart.c" -mcpu=cortex-m0 -std=gnu11 -g3 -DDEBUG -DUSE_HAL_DRIVER -DSTM32F030x8 -c -I../Core/Inc -I../Drivers/STM32F0xx_HAL_Driver/Inc -I../Drivers/STM32F0xx_HAL_Driver/Inc/Legacy -I../Drivers/CMSIS/Device/ST/STM32F0xx/Include -I../Drivers/CMSIS/Include -O0 -ffunction-sections -fdata-sections -Wall -fstack-usage -fcyclomatic-complexity -MMD -MP -MF"Drivers/STM32F0xx_HAL_Driver/Src/stm32f0xx_hal_uart.d" -MT"Drivers/STM32F0xx_HAL_Driver/Src/stm32f0xx_hal_uart.o" --specs=nano.specs -mfloat-abi=soft -mthumb -o "Drivers/STM32F0xx_HAL_Driver/Src/stm32f0xx_hal_uart.o"
arm-none-eabi-gcc "../Drivers/STM32F0xx_HAL_Driver/Src/stm32f0xx_hal_uart_ex.c" -mcpu=cortex-m0 -std=gnu11 -g3 -DDEBUG -DUSE_HAL_DRIVER -DSTM32F030x8 -c -I../Core/Inc -I../Drivers/STM32F0xx_HAL_Driver/Inc -I../Drivers/STM32F0xx_HAL_Driver/Inc/Legacy -I../Drivers/CMSIS/Device/ST/STM32F0xx/Include -I../Drivers/CMSIS/Include -O0 -ffunction-sections -fdata-sections -Wall -fstack-usage -fcyclomatic-complexity -MMD -MP -MF"Drivers/STM32F0xx_HAL_Driver/Src/stm32f0xx_hal_uart_ex.d" -MT"Drivers/STM32F0xx_HAL_Driver/Src/stm32f0xx_hal_uart_ex.o" --specs=nano.specs -mfloat-abi=soft -mthumb -o "Drivers/STM32F0xx_HAL_Driver/Src/stm32f0xx_hal_uart_ex.o"
arm-none-eabi-gcc -mcpu=cortex-m0 -g3 -DDEBUG -c -x assembler-with-cpp -MMD -MP -MF"Core/Startup/startup_stm32f030r8tx.d" -MT"Core/Startup/startup_stm32f030r8tx.o" --specs=nano.specs -mfloat-abi=soft -mthumb -o "Core/Startup/startup_stm32f030r8tx.o" "../Core/Startup/startup_stm32f030r8tx.s"
arm-none-eabi-gcc "../Core/Src/main.c" -mcpu=cortex-m0 -std=gnu11 -g3 -DDEBUG -DUSE_HAL_DRIVER -DSTM32F030x8 -c -I../Core/Inc -I../Drivers/STM32F0xx_HAL_Driver/Inc -I../Drivers/STM32F0xx_HAL_Driver/Inc/Legacy -I../Drivers/CMSIS/Device/ST/STM32F0xx/Include -I../Drivers/CMSIS/Include -O0 -ffunction-sections -fdata-sections -Wall -fstack-usage -fcyclomatic-complexity -MMD -MP -MF"Core/Src/main.d" -MT"Core/Src/main.o" --specs=nano.specs -mfloat-abi=soft -mthumb -o "Core/Src/main.o"
arm-none-eabi-gcc "../Core/Src/stm32f0xx_hal_msp.c" -mcpu=cortex-m0 -std=gnu11 -g3 -DDEBUG -DUSE_HAL_DRIVER -DSTM32F030x8 -c -I../Core/Inc -I../Drivers/STM32F0xx_HAL_Driver/Inc -I../Drivers/STM32F0xx_HAL_Driver/Inc/Legacy -I../Drivers/CMSIS/Device/ST/STM32F0xx/Include -I../Drivers/CMSIS/Include -O0 -ffunction-sections -fdata-sections -Wall -fstack-usage -fcyclomatic-complexity -MMD -MP -MF"Core/Src/stm32f0xx_hal_msp.d" -MT"Core/Src/stm32f0xx_hal_msp.o" --specs=nano.specs -mfloat-abi=soft -mthumb -o "Core/Src/stm32f0xx_hal_msp.o"
arm-none-eabi-gcc "../Core/Src/stm32f0xx_it.c" -mcpu=cortex-m0 -std=gnu11 -g3 -DDEBUG -DUSE_HAL_DRIVER -DSTM32F030x8 -c -I../Core/Inc -I../Drivers/STM32F0xx_HAL_Driver/Inc -I../Drivers/STM32F0xx_HAL_Driver/Inc/Legacy -I../Drivers/CMSIS/Device/ST/STM32F0xx/Include -I../Drivers/CMSIS/Include -O0 -ffunction-sections -fdata-sections -Wall -fstack-usage -fcyclomatic-complexity -MMD -MP -MF"Core/Src/stm32f0xx_it.d" -MT"Core/Src/stm32f0xx_it.o" --specs=nano.specs -mfloat-abi=soft -mthumb -o "Core/Src/stm32f0xx_it.o"
arm-none-eabi-gcc "../Core/Src/syscalls.c" -mcpu=cortex-m0 -std=gnu11 -g3 -DDEBUG -DUSE_HAL_DRIVER -DSTM32F030x8 -c -I../Core/Inc -I../Drivers/STM32F0xx_HAL_Driver/Inc -I../Drivers/STM32F0xx_HAL_Driver/Inc/Legacy -I../Drivers/CMSIS/Device/ST/STM32F0xx/Include -I../Drivers/CMSIS/Include -O0 -ffunction-sections -fdata-sections -Wall -fstack-usage -fcyclomatic-complexity -MMD -MP -MF"Core/Src/syscalls.d" -MT"Core/Src/syscalls.o" --specs=nano.specs -mfloat-abi=soft -mthumb -o "Core/Src/syscalls.o"
arm-none-eabi-gcc "../Core/Src/sysmem.c" -mcpu=cortex-m0 -std=gnu11 -g3 -DDEBUG -DUSE_HAL_DRIVER -DSTM32F030x8 -c -I../Core/Inc -I../Drivers/STM32F0xx_HAL_Driver/Inc -I../Drivers/STM32F0xx_HAL_Driver/Inc/Legacy -I../Drivers/CMSIS/Device/ST/STM32F0xx/Include -I../Drivers/CMSIS/Include -O0 -ffunction-sections -fdata-sections -Wall -fstack-usage -fcyclomatic-complexity -MMD -MP -MF"Core/Src/sysmem.d" -MT"Core/Src/sysmem.o" --specs=nano.specs -mfloat-abi=soft -mthumb -o "Core/Src/sysmem.o"
arm-none-eabi-gcc "../Core/Src/system_stm32f0xx.c" -mcpu=cortex-m0 -std=gnu11 -g3 -DDEBUG -DUSE_HAL_DRIVER -DSTM32F030x8 -c -I../Core/Inc -I../Drivers/STM32F0xx_HAL_Driver/Inc -I../Drivers/STM32F0xx_HAL_Driver/Inc/Legacy -I../Drivers/CMSIS/Device/ST/STM32F0xx/Include -I../Drivers/CMSIS/Include -O0 -ffunction-sections -fdata-sections -Wall -fstack-usage -fcyclomatic-complexity -MMD -MP -MF"Core/Src/system_stm32f0xx.d" -MT"Core/Src/system_stm32f0xx.o" --specs=nano.specs -mfloat-abi=soft -mthumb -o "Core/Src/system_stm32f0xx.o"
arm-none-eabi-gcc -o "cviceni5.elf" @"objects.list"   -mcpu=cortex-m0 -T"C:\Temp\xhroch01\MKS\MKScv5\cviceni5\STM32F030R8TX_FLASH.ld" --specs=nosys.specs -Wl,-Map="cviceni5.map" -Wl,--gc-sections -static --specs=nano.specs -mfloat-abi=soft -mthumb -Wl,--start-group -lc -lm -Wl,--end-group
Finished building target: cviceni5.elf
 
arm-none-eabi-size   cviceni5.elf 
arm-none-eabi-objdump -h -S  cviceni5.elf  > "cviceni5.list"
   text	   data	    bss	    dec	    hex	filename
   7704	     20	   1700	   9424	   24d0	cviceni5.elf
Finished building: default.size.stdout
 
Finished building: cviceni5.list
 
15:22:21 **** Incremental Build of configuration Debug for project cviceni5 ****
make -j4 all 
arm-none-eabi-size   cviceni5.elf 
   text	   data	    bss	    dec	    hex	filename
   7704	     20	   1700	   9424	   24d0	cviceni5.elf
Finished building: default.size.stdout
 
15:24:40 **** Incremental Build of configuration Debug for project cviceni5 ****
make -j4 all 
arm-none-eabi-gcc "../Core/Src/main.c" -mcpu=cortex-m0 -std=gnu11 -g3 -DDEBUG -DUSE_HAL_DRIVER -DSTM32F030x8 -c -I../Core/Inc -I../Drivers/STM32F0xx_HAL_Driver/Inc -I../Drivers/STM32F0xx_HAL_Driver/Inc/Legacy -I../Drivers/CMSIS/Device/ST/STM32F0xx/Include -I../Drivers/CMSIS/Include -O0 -ffunction-sections -fdata-sections -Wall -fstack-usage -fcyclomatic-complexity -MMD -MP -MF"Core/Src/main.d" -MT"Core/Src/main.o" --specs=nano.specs -mfloat-abi=soft -mthumb -o "Core/Src/main.o"
arm-none-eabi-gcc -o "cviceni5.elf" @"objects.list"   -mcpu=cortex-m0 -T"C:\Temp\xhroch01\MKS\MKScv5\cviceni5\STM32F030R8TX_FLASH.ld" --specs=nosys.specs -Wl,-Map="cviceni5.map" -Wl,--gc-sections -static --specs=nano.specs -mfloat-abi=soft -mthumb -Wl,--start-group -lc -lm -Wl,--end-group
Finished building target: cviceni5.elf
 
arm-none-eabi-size   cviceni5.elf 
arm-none-eabi-objdump -h -S  cviceni5.elf  > "cviceni5.list"
   text	   data	    bss	    dec	    hex	filename
   7704	     20	   1700	   9424	   24d0	cviceni5.elf
Finished building: default.size.stdout
 
Finished building: cviceni5.list
 
15:24:46 **** Incremental Build of configuration Debug for project cviceni5 ****
make -j4 all 
arm-none-eabi-size   cviceni5.elf 
   text	   data	    bss	    dec	    hex	filename
   7704	     20	   1700	   9424	   24d0	cviceni5.elf
Finished building: default.size.stdout
 
15:51:35 **** Incremental Build of configuration Debug for project cviceni5 ****
make -j4 all 
arm-none-eabi-gcc "../Core/Src/main.c" -mcpu=cortex-m0 -std=gnu11 -g3 -DDEBUG -DUSE_HAL_DRIVER -DSTM32F030x8 -c -I../Core/Inc -I../Drivers/STM32F0xx_HAL_Driver/Inc -I../Drivers/STM32F0xx_HAL_Driver/Inc/Legacy -I../Drivers/CMSIS/Device/ST/STM32F0xx/Include -I../Drivers/CMSIS/Include -O0 -ffunction-sections -fdata-sections -Wall -fstack-usage -fcyclomatic-complexity -MMD -MP -MF"Core/Src/main.d" -MT"Core/Src/main.o" --specs=nano.specs -mfloat-abi=soft -mthumb -o "Core/Src/main.o"
../Core/Src/main.c: In function 'uart_process_command':
../Core/Src/main.c:66:9: warning: implicit declaration of function 'printf' [-Wimplicit-function-declaration]
   66 |         printf("prijato: '%s'\n", cmd);
      |         ^~~~~~
../Core/Src/main.c:21:1: note: include '<stdio.h>' or provide a declaration of 'printf'
   20 | #include "main.h"
  +++ |+#include <stdio.h>
   21 | 
../Core/Src/main.c:66:9: warning: incompatible implicit declaration of built-in function 'printf' [-Wbuiltin-declaration-mismatch]
   66 |         printf("prijato: '%s'\n", cmd);
      |         ^~~~~~
../Core/Src/main.c:66:9: note: include '<stdio.h>' or provide a declaration of 'printf'
../Core/Src/main.c: In function 'uart_byte_available':
../Core/Src/main.c:79:19: error: 'CMD_BUFFER_LEN' undeclared (first use in this function); did you mean 'RX_BUFFER_LEN'?
   79 |  static char data[CMD_BUFFER_LEN];
      |                   ^~~~~~~~~~~~~~
      |                   RX_BUFFER_LEN
../Core/Src/main.c:79:19: note: each undeclared identifier is reported only once for each function it appears in
../Core/Src/main.c:79:14: warning: unused variable 'data' [-Wunused-variable]
   79 |  static char data[CMD_BUFFER_LEN];
      |              ^~~~
../Core/Src/main.c: In function 'main':
../Core/Src/main.c:37:44: error: 'hdma_usart2_rx' undeclared (first use in this function)
   37 | #define uart_rx_write_ptr (RX_BUFFER_LEN - hdma_usart2_rx.Instance->CNDTR)
      |                                            ^~~~~~~~~~~~~~
../Core/Src/main.c:129:44: note: in expansion of macro 'uart_rx_write_ptr'
  129 |                 while (uart_rx_read_ptr != uart_rx_write_ptr) {
      |                                            ^~~~~~~~~~~~~~~~~
make: *** [Core/Src/subdir.mk:34: Core/Src/main.o] Error 1
"make -j4 all" terminated with exit code 2. Build might be incomplete.
15:51:40 **** Incremental Build of configuration Debug for project cviceni5 ****
make -j4 all 
arm-none-eabi-gcc "../Core/Src/main.c" -mcpu=cortex-m0 -std=gnu11 -g3 -DDEBUG -DUSE_HAL_DRIVER -DSTM32F030x8 -c -I../Core/Inc -I../Drivers/STM32F0xx_HAL_Driver/Inc -I../Drivers/STM32F0xx_HAL_Driver/Inc/Legacy -I../Drivers/CMSIS/Device/ST/STM32F0xx/Include -I../Drivers/CMSIS/Include -O0 -ffunction-sections -fdata-sections -Wall -fstack-usage -fcyclomatic-complexity -MMD -MP -MF"Core/Src/main.d" -MT"Core/Src/main.o" --specs=nano.specs -mfloat-abi=soft -mthumb -o "Core/Src/main.o"
../Core/Src/main.c: In function 'uart_process_command':
../Core/Src/main.c:66:9: warning: implicit declaration of function 'printf' [-Wimplicit-function-declaration]
   66 |         printf("prijato: '%s'\n", cmd);
      |         ^~~~~~
../Core/Src/main.c:21:1: note: include '<stdio.h>' or provide a declaration of 'printf'
   20 | #include "main.h"
  +++ |+#include <stdio.h>
   21 | 
../Core/Src/main.c:66:9: warning: incompatible implicit declaration of built-in function 'printf' [-Wbuiltin-declaration-mismatch]
   66 |         printf("prijato: '%s'\n", cmd);
      |         ^~~~~~
../Core/Src/main.c:66:9: note: include '<stdio.h>' or provide a declaration of 'printf'
../Core/Src/main.c: In function 'uart_byte_available':
../Core/Src/main.c:79:19: error: 'CMD_BUFFER_LEN' undeclared (first use in this function); did you mean 'RX_BUFFER_LEN'?
   79 |  static char data[CMD_BUFFER_LEN];
      |                   ^~~~~~~~~~~~~~
      |                   RX_BUFFER_LEN
../Core/Src/main.c:79:19: note: each undeclared identifier is reported only once for each function it appears in
../Core/Src/main.c:79:14: warning: unused variable 'data' [-Wunused-variable]
   79 |  static char data[CMD_BUFFER_LEN];
      |              ^~~~
../Core/Src/main.c: In function 'main':
../Core/Src/main.c:37:44: error: 'hdma_usart2_rx' undeclared (first use in this function)
   37 | #define uart_rx_write_ptr (RX_BUFFER_LEN - hdma_usart2_rx.Instance->CNDTR)
      |                                            ^~~~~~~~~~~~~~
../Core/Src/main.c:129:44: note: in expansion of macro 'uart_rx_write_ptr'
  129 |                 while (uart_rx_read_ptr != uart_rx_write_ptr) {
      |                                            ^~~~~~~~~~~~~~~~~
make: *** [Core/Src/subdir.mk:34: Core/Src/main.o] Error 1
"make -j4 all" terminated with exit code 2. Build might be incomplete.
15:51:49 **** Incremental Build of configuration Debug for project cviceni5 ****
make -j4 all 
arm-none-eabi-gcc "../Core/Src/main.c" -mcpu=cortex-m0 -std=gnu11 -g3 -DDEBUG -DUSE_HAL_DRIVER -DSTM32F030x8 -c -I../Core/Inc -I../Drivers/STM32F0xx_HAL_Driver/Inc -I../Drivers/STM32F0xx_HAL_Driver/Inc/Legacy -I../Drivers/CMSIS/Device/ST/STM32F0xx/Include -I../Drivers/CMSIS/Include -O0 -ffunction-sections -fdata-sections -Wall -fstack-usage -fcyclomatic-complexity -MMD -MP -MF"Core/Src/main.d" -MT"Core/Src/main.o" --specs=nano.specs -mfloat-abi=soft -mthumb -o "Core/Src/main.o"
../Core/Src/main.c: In function 'uart_process_command':
../Core/Src/main.c:66:9: warning: implicit declaration of function 'printf' [-Wimplicit-function-declaration]
   66 |         printf("prijato: '%s'\n", cmd);
      |         ^~~~~~
../Core/Src/main.c:21:1: note: include '<stdio.h>' or provide a declaration of 'printf'
   20 | #include "main.h"
  +++ |+#include <stdio.h>
   21 | 
../Core/Src/main.c:66:9: warning: incompatible implicit declaration of built-in function 'printf' [-Wbuiltin-declaration-mismatch]
   66 |         printf("prijato: '%s'\n", cmd);
      |         ^~~~~~
../Core/Src/main.c:66:9: note: include '<stdio.h>' or provide a declaration of 'printf'
../Core/Src/main.c: In function 'uart_byte_available':
../Core/Src/main.c:79:19: error: 'CMD_BUFFER_LEN' undeclared (first use in this function); did you mean 'RX_BUFFER_LEN'?
   79 |  static char data[CMD_BUFFER_LEN];
      |                   ^~~~~~~~~~~~~~
      |                   RX_BUFFER_LEN
../Core/Src/main.c:79:19: note: each undeclared identifier is reported only once for each function it appears in
../Core/Src/main.c:79:14: warning: unused variable 'data' [-Wunused-variable]
   79 |  static char data[CMD_BUFFER_LEN];
      |              ^~~~
../Core/Src/main.c: In function 'main':
../Core/Src/main.c:37:44: error: 'hdma_usart2_rx' undeclared (first use in this function)
   37 | #define uart_rx_write_ptr (RX_BUFFER_LEN - hdma_usart2_rx.Instance->CNDTR)
      |                                            ^~~~~~~~~~~~~~
../Core/Src/main.c:129:44: note: in expansion of macro 'uart_rx_write_ptr'
  129 |                 while (uart_rx_read_ptr != uart_rx_write_ptr) {
      |                                            ^~~~~~~~~~~~~~~~~
make: *** [Core/Src/subdir.mk:34: Core/Src/main.o] Error 1
"make -j4 all" terminated with exit code 2. Build might be incomplete.
15:52:02 **** Incremental Build of configuration Debug for project cviceni5 ****
make -j4 all 
arm-none-eabi-gcc "../Core/Src/main.c" -mcpu=cortex-m0 -std=gnu11 -g3 -DDEBUG -DUSE_HAL_DRIVER -DSTM32F030x8 -c -I../Core/Inc -I../Drivers/STM32F0xx_HAL_Driver/Inc -I../Drivers/STM32F0xx_HAL_Driver/Inc/Legacy -I../Drivers/CMSIS/Device/ST/STM32F0xx/Include -I../Drivers/CMSIS/Include -O0 -ffunction-sections -fdata-sections -Wall -fstack-usage -fcyclomatic-complexity -MMD -MP -MF"Core/Src/main.d" -MT"Core/Src/main.o" --specs=nano.specs -mfloat-abi=soft -mthumb -o "Core/Src/main.o"
../Core/Src/main.c: In function 'uart_process_command':
../Core/Src/main.c:66:9: warning: implicit declaration of function 'printf' [-Wimplicit-function-declaration]
   66 |         printf("prijato: '%s'\n", cmd);
      |         ^~~~~~
../Core/Src/main.c:21:1: note: include '<stdio.h>' or provide a declaration of 'printf'
   20 | #include "main.h"
  +++ |+#include <stdio.h>
   21 | 
../Core/Src/main.c:66:9: warning: incompatible implicit declaration of built-in function 'printf' [-Wbuiltin-declaration-mismatch]
   66 |         printf("prijato: '%s'\n", cmd);
      |         ^~~~~~
../Core/Src/main.c:66:9: note: include '<stdio.h>' or provide a declaration of 'printf'
../Core/Src/main.c: In function 'uart_byte_available':
../Core/Src/main.c:79:19: error: 'CMD_BUFFER_LEN' undeclared (first use in this function); did you mean 'RX_BUFFER_LEN'?
   79 |  static char data[CMD_BUFFER_LEN];
      |                   ^~~~~~~~~~~~~~
      |                   RX_BUFFER_LEN
../Core/Src/main.c:79:19: note: each undeclared identifier is reported only once for each function it appears in
../Core/Src/main.c:79:14: warning: unused variable 'data' [-Wunused-variable]
   79 |  static char data[CMD_BUFFER_LEN];
      |              ^~~~
../Core/Src/main.c: In function 'main':
../Core/Src/main.c:37:44: error: 'hdma_usart2_rx' undeclared (first use in this function)
   37 | #define uart_rx_write_ptr (RX_BUFFER_LEN - hdma_usart2_rx.Instance->CNDTR)
      |                                            ^~~~~~~~~~~~~~
../Core/Src/main.c:129:44: note: in expansion of macro 'uart_rx_write_ptr'
  129 |                 while (uart_rx_read_ptr != uart_rx_write_ptr) {
      |                                            ^~~~~~~~~~~~~~~~~
make: *** [Core/Src/subdir.mk:34: Core/Src/main.o] Error 1
"make -j4 all" terminated with exit code 2. Build might be incomplete.
15:52:14 **** Incremental Build of configuration Debug for project cviceni5 ****
make -j4 all 
arm-none-eabi-gcc "../Core/Src/main.c" -mcpu=cortex-m0 -std=gnu11 -g3 -DDEBUG -DUSE_HAL_DRIVER -DSTM32F030x8 -c -I../Core/Inc -I../Drivers/STM32F0xx_HAL_Driver/Inc -I../Drivers/STM32F0xx_HAL_Driver/Inc/Legacy -I../Drivers/CMSIS/Device/ST/STM32F0xx/Include -I../Drivers/CMSIS/Include -O0 -ffunction-sections -fdata-sections -Wall -fstack-usage -fcyclomatic-complexity -MMD -MP -MF"Core/Src/main.d" -MT"Core/Src/main.o" --specs=nano.specs -mfloat-abi=soft -mthumb -o "Core/Src/main.o"
../Core/Src/main.c: In function 'uart_process_command':
../Core/Src/main.c:66:9: warning: implicit declaration of function 'printf' [-Wimplicit-function-declaration]
   66 |         printf("prijato: '%s'\n", cmd);
      |         ^~~~~~
../Core/Src/main.c:21:1: note: include '<stdio.h>' or provide a declaration of 'printf'
   20 | #include "main.h"
  +++ |+#include <stdio.h>
   21 | 
../Core/Src/main.c:66:9: warning: incompatible implicit declaration of built-in function 'printf' [-Wbuiltin-declaration-mismatch]
   66 |         printf("prijato: '%s'\n", cmd);
      |         ^~~~~~
../Core/Src/main.c:66:9: note: include '<stdio.h>' or provide a declaration of 'printf'
../Core/Src/main.c: In function 'uart_byte_available':
../Core/Src/main.c:79:19: error: 'CMD_BUFFER_LEN' undeclared (first use in this function); did you mean 'RX_BUFFER_LEN'?
   79 |  static char data[CMD_BUFFER_LEN];
      |                   ^~~~~~~~~~~~~~
      |                   RX_BUFFER_LEN
../Core/Src/main.c:79:19: note: each undeclared identifier is reported only once for each function it appears in
../Core/Src/main.c:79:14: warning: unused variable 'data' [-Wunused-variable]
   79 |  static char data[CMD_BUFFER_LEN];
      |              ^~~~
../Core/Src/main.c: In function 'main':
../Core/Src/main.c:37:44: error: 'hdma_usart2_rx' undeclared (first use in this function)
   37 | #define uart_rx_write_ptr (RX_BUFFER_LEN - hdma_usart2_rx.Instance->CNDTR)
      |                                            ^~~~~~~~~~~~~~
../Core/Src/main.c:129:44: note: in expansion of macro 'uart_rx_write_ptr'
  129 |                 while (uart_rx_read_ptr != uart_rx_write_ptr) {
      |                                            ^~~~~~~~~~~~~~~~~
make: *** [Core/Src/subdir.mk:34: Core/Src/main.o] Error 1
"make -j4 all" terminated with exit code 2. Build might be incomplete.
15:53:40 **** Incremental Build of configuration Debug for project cviceni5 ****
make -j4 all 
arm-none-eabi-gcc "../Core/Src/main.c" -mcpu=cortex-m0 -std=gnu11 -g3 -DDEBUG -DUSE_HAL_DRIVER -DSTM32F030x8 -c -I../Core/Inc -I../Drivers/STM32F0xx_HAL_Driver/Inc -I../Drivers/STM32F0xx_HAL_Driver/Inc/Legacy -I../Drivers/CMSIS/Device/ST/STM32F0xx/Include -I../Drivers/CMSIS/Include -O0 -ffunction-sections -fdata-sections -Wall -fstack-usage -fcyclomatic-complexity -MMD -MP -MF"Core/Src/main.d" -MT"Core/Src/main.o" --specs=nano.specs -mfloat-abi=soft -mthumb -o "Core/Src/main.o"
../Core/Src/main.c: In function 'uart_process_command':
../Core/Src/main.c:66:9: warning: implicit declaration of function 'printf' [-Wimplicit-function-declaration]
   66 |         printf("prijato: '%s'\n", cmd);
      |         ^~~~~~
../Core/Src/main.c:21:1: note: include '<stdio.h>' or provide a declaration of 'printf'
   20 | #include "main.h"
  +++ |+#include <stdio.h>
   21 | 
../Core/Src/main.c:66:9: warning: incompatible implicit declaration of built-in function 'printf' [-Wbuiltin-declaration-mismatch]
   66 |         printf("prijato: '%s'\n", cmd);
      |         ^~~~~~
../Core/Src/main.c:66:9: note: include '<stdio.h>' or provide a declaration of 'printf'
../Core/Src/main.c: In function 'uart_byte_available':
../Core/Src/main.c:79:19: error: 'CMD_BUFFER_LEN' undeclared (first use in this function); did you mean 'RX_BUFFER_LEN'?
   79 |  static char data[CMD_BUFFER_LEN];
      |                   ^~~~~~~~~~~~~~
      |                   RX_BUFFER_LEN
../Core/Src/main.c:79:19: note: each undeclared identifier is reported only once for each function it appears in
../Core/Src/main.c:79:14: warning: unused variable 'data' [-Wunused-variable]
   79 |  static char data[CMD_BUFFER_LEN];
      |              ^~~~
../Core/Src/main.c: In function 'main':
../Core/Src/main.c:37:44: error: 'hdma_usart2_rx' undeclared (first use in this function)
   37 | #define uart_rx_write_ptr (RX_BUFFER_LEN - hdma_usart2_rx.Instance->CNDTR)
      |                                            ^~~~~~~~~~~~~~
../Core/Src/main.c:129:44: note: in expansion of macro 'uart_rx_write_ptr'
  129 |                 while (uart_rx_read_ptr != uart_rx_write_ptr) {
      |                                            ^~~~~~~~~~~~~~~~~
make: *** [Core/Src/subdir.mk:34: Core/Src/main.o] Error 1
"make -j4 all" terminated with exit code 2. Build might be incomplete.
15:55:12 **** Incremental Build of configuration Debug for project cviceni5 ****
make -j4 all 
arm-none-eabi-gcc "../Core/Src/main.c" -mcpu=cortex-m0 -std=gnu11 -g3 -DDEBUG -DUSE_HAL_DRIVER -DSTM32F030x8 -c -I../Core/Inc -I../Drivers/STM32F0xx_HAL_Driver/Inc -I../Drivers/STM32F0xx_HAL_Driver/Inc/Legacy -I../Drivers/CMSIS/Device/ST/STM32F0xx/Include -I../Drivers/CMSIS/Include -O0 -ffunction-sections -fdata-sections -Wall -fstack-usage -fcyclomatic-complexity -MMD -MP -MF"Core/Src/main.d" -MT"Core/Src/main.o" --specs=nano.specs -mfloat-abi=soft -mthumb -o "Core/Src/main.o"
../Core/Src/main.c: In function 'uart_process_command':
../Core/Src/main.c:66:9: warning: implicit declaration of function 'printf' [-Wimplicit-function-declaration]
   66 |         printf("prijato: '%s'\n", cmd);
      |         ^~~~~~
../Core/Src/main.c:21:1: note: include '<stdio.h>' or provide a declaration of 'printf'
   20 | #include "main.h"
  +++ |+#include <stdio.h>
   21 | 
../Core/Src/main.c:66:9: warning: incompatible implicit declaration of built-in function 'printf' [-Wbuiltin-declaration-mismatch]
   66 |         printf("prijato: '%s'\n", cmd);
      |         ^~~~~~
../Core/Src/main.c:66:9: note: include '<stdio.h>' or provide a declaration of 'printf'
../Core/Src/main.c: In function 'uart_byte_available':
../Core/Src/main.c:79:19: error: 'CMD_BUFFER_LEN' undeclared (first use in this function); did you mean 'RX_BUFFER_LEN'?
   79 |  static char data[CMD_BUFFER_LEN];
      |                   ^~~~~~~~~~~~~~
      |                   RX_BUFFER_LEN
../Core/Src/main.c:79:19: note: each undeclared identifier is reported only once for each function it appears in
../Core/Src/main.c:79:14: warning: unused variable 'data' [-Wunused-variable]
   79 |  static char data[CMD_BUFFER_LEN];
      |              ^~~~
../Core/Src/main.c: In function 'main':
../Core/Src/main.c:37:44: error: 'hdma_usart2_rx' undeclared (first use in this function)
   37 | #define uart_rx_write_ptr (RX_BUFFER_LEN - hdma_usart2_rx.Instance->CNDTR)
      |                                            ^~~~~~~~~~~~~~
../Core/Src/main.c:129:44: note: in expansion of macro 'uart_rx_write_ptr'
  129 |                 while (uart_rx_read_ptr != uart_rx_write_ptr) {
      |                                            ^~~~~~~~~~~~~~~~~
make: *** [Core/Src/subdir.mk:34: Core/Src/main.o] Error 1
"make -j4 all" terminated with exit code 2. Build might be incomplete.
15:55:33 **** Incremental Build of configuration Debug for project cviceni5 ****
make -j4 all 
arm-none-eabi-gcc "../Core/Src/main.c" -mcpu=cortex-m0 -std=gnu11 -g3 -DDEBUG -DUSE_HAL_DRIVER -DSTM32F030x8 -c -I../Core/Inc -I../Drivers/STM32F0xx_HAL_Driver/Inc -I../Drivers/STM32F0xx_HAL_Driver/Inc/Legacy -I../Drivers/CMSIS/Device/ST/STM32F0xx/Include -I../Drivers/CMSIS/Include -O0 -ffunction-sections -fdata-sections -Wall -fstack-usage -fcyclomatic-complexity -MMD -MP -MF"Core/Src/main.d" -MT"Core/Src/main.o" --specs=nano.specs -mfloat-abi=soft -mthumb -o "Core/Src/main.o"
../Core/Src/main.c: In function 'uart_process_command':
../Core/Src/main.c:66:9: warning: implicit declaration of function 'printf' [-Wimplicit-function-declaration]
   66 |         printf("prijato: '%s'\n", cmd);
      |         ^~~~~~
../Core/Src/main.c:21:1: note: include '<stdio.h>' or provide a declaration of 'printf'
   20 | #include "main.h"
  +++ |+#include <stdio.h>
   21 | 
../Core/Src/main.c:66:9: warning: incompatible implicit declaration of built-in function 'printf' [-Wbuiltin-declaration-mismatch]
   66 |         printf("prijato: '%s'\n", cmd);
      |         ^~~~~~
../Core/Src/main.c:66:9: note: include '<stdio.h>' or provide a declaration of 'printf'
../Core/Src/main.c: In function 'uart_byte_available':
../Core/Src/main.c:79:19: error: 'CMD_BUFFER_LEN' undeclared (first use in this function); did you mean 'RX_BUFFER_LEN'?
   79 |  static char data[CMD_BUFFER_LEN];
      |                   ^~~~~~~~~~~~~~
      |                   RX_BUFFER_LEN
../Core/Src/main.c:79:19: note: each undeclared identifier is reported only once for each function it appears in
../Core/Src/main.c:79:14: warning: unused variable 'data' [-Wunused-variable]
   79 |  static char data[CMD_BUFFER_LEN];
      |              ^~~~
../Core/Src/main.c: In function 'main':
../Core/Src/main.c:37:44: error: 'hdma_usart2_rx' undeclared (first use in this function)
   37 | #define uart_rx_write_ptr (RX_BUFFER_LEN - hdma_usart2_rx.Instance->CNDTR)
      |                                            ^~~~~~~~~~~~~~
../Core/Src/main.c:129:44: note: in expansion of macro 'uart_rx_write_ptr'
  129 |                 while (uart_rx_read_ptr != uart_rx_write_ptr) {
      |                                            ^~~~~~~~~~~~~~~~~
make: *** [Core/Src/subdir.mk:34: Core/Src/main.o] Error 1
"make -j4 all" terminated with exit code 2. Build might be incomplete.
15:56:27 **** Incremental Build of configuration Debug for project cviceni5 ****
make -j4 all 
arm-none-eabi-gcc "../Core/Src/main.c" -mcpu=cortex-m0 -std=gnu11 -g3 -DDEBUG -DUSE_HAL_DRIVER -DSTM32F030x8 -c -I../Core/Inc -I../Drivers/STM32F0xx_HAL_Driver/Inc -I../Drivers/STM32F0xx_HAL_Driver/Inc/Legacy -I../Drivers/CMSIS/Device/ST/STM32F0xx/Include -I../Drivers/CMSIS/Include -O0 -ffunction-sections -fdata-sections -Wall -fstack-usage -fcyclomatic-complexity -MMD -MP -MF"Core/Src/main.d" -MT"Core/Src/main.o" --specs=nano.specs -mfloat-abi=soft -mthumb -o "Core/Src/main.o"
../Core/Src/main.c: In function 'uart_process_command':
../Core/Src/main.c:65:9: warning: implicit declaration of function 'printf' [-Wimplicit-function-declaration]
   65 |         printf("prijato: '%s'\n", cmd);
      |         ^~~~~~
../Core/Src/main.c:21:1: note: include '<stdio.h>' or provide a declaration of 'printf'
   20 | #include "main.h"
  +++ |+#include <stdio.h>
   21 | 
../Core/Src/main.c:65:9: warning: incompatible implicit declaration of built-in function 'printf' [-Wbuiltin-declaration-mismatch]
   65 |         printf("prijato: '%s'\n", cmd);
      |         ^~~~~~
../Core/Src/main.c:65:9: note: include '<stdio.h>' or provide a declaration of 'printf'
../Core/Src/main.c: In function 'uart_byte_available':
../Core/Src/main.c:76:26: error: 'CMD_BUFFER_LEN' undeclared (first use in this function); did you mean 'RX_BUFFER_LEN'?
   76 |         static char data[CMD_BUFFER_LEN];
      |                          ^~~~~~~~~~~~~~
      |                          RX_BUFFER_LEN
../Core/Src/main.c:76:26: note: each undeclared identifier is reported only once for each function it appears in
../Core/Src/main.c:76:21: warning: unused variable 'data' [-Wunused-variable]
   76 |         static char data[CMD_BUFFER_LEN];
      |                     ^~~~
../Core/Src/main.c: In function 'main':
../Core/Src/main.c:37:44: error: 'hdma_usart2_rx' undeclared (first use in this function)
   37 | #define uart_rx_write_ptr (RX_BUFFER_LEN - hdma_usart2_rx.Instance->CNDTR)
      |                                            ^~~~~~~~~~~~~~
../Core/Src/main.c:127:44: note: in expansion of macro 'uart_rx_write_ptr'
  127 |                 while (uart_rx_read_ptr != uart_rx_write_ptr) {
      |                                            ^~~~~~~~~~~~~~~~~
make: *** [Core/Src/subdir.mk:34: Core/Src/main.o] Error 1
"make -j4 all" terminated with exit code 2. Build might be incomplete.
15:57:04 **** Incremental Build of configuration Debug for project cviceni5 ****
make -j4 all 
arm-none-eabi-gcc "../Core/Src/main.c" -mcpu=cortex-m0 -std=gnu11 -g3 -DDEBUG -DUSE_HAL_DRIVER -DSTM32F030x8 -c -I../Core/Inc -I../Drivers/STM32F0xx_HAL_Driver/Inc -I../Drivers/STM32F0xx_HAL_Driver/Inc/Legacy -I../Drivers/CMSIS/Device/ST/STM32F0xx/Include -I../Drivers/CMSIS/Include -O0 -ffunction-sections -fdata-sections -Wall -fstack-usage -fcyclomatic-complexity -MMD -MP -MF"Core/Src/main.d" -MT"Core/Src/main.o" --specs=nano.specs -mfloat-abi=soft -mthumb -o "Core/Src/main.o"
../Core/Src/main.c: In function 'uart_process_command':
../Core/Src/main.c:65:9: warning: implicit declaration of function 'printf' [-Wimplicit-function-declaration]
   65 |         printf("prijato: '%s'\n", cmd);
      |         ^~~~~~
../Core/Src/main.c:21:1: note: include '<stdio.h>' or provide a declaration of 'printf'
   20 | #include "main.h"
  +++ |+#include <stdio.h>
   21 | 
../Core/Src/main.c:65:9: warning: incompatible implicit declaration of built-in function 'printf' [-Wbuiltin-declaration-mismatch]
   65 |         printf("prijato: '%s'\n", cmd);
      |         ^~~~~~
../Core/Src/main.c:65:9: note: include '<stdio.h>' or provide a declaration of 'printf'
../Core/Src/main.c: In function 'uart_byte_available':
../Core/Src/main.c:77:19: error: 'CMD_BUFFER_LEN' undeclared (first use in this function); did you mean 'RX_BUFFER_LEN'?
   77 |         if (cnt < CMD_BUFFER_LEN && c >= 32 && c <= 126)
      |                   ^~~~~~~~~~~~~~
      |                   RX_BUFFER_LEN
../Core/Src/main.c:77:19: note: each undeclared identifier is reported only once for each function it appears in
../Core/Src/main.c: In function 'main':
../Core/Src/main.c:37:44: error: 'hdma_usart2_rx' undeclared (first use in this function)
   37 | #define uart_rx_write_ptr (RX_BUFFER_LEN - hdma_usart2_rx.Instance->CNDTR)
      |                                            ^~~~~~~~~~~~~~
../Core/Src/main.c:127:44: note: in expansion of macro 'uart_rx_write_ptr'
  127 |                 while (uart_rx_read_ptr != uart_rx_write_ptr) {
      |                                            ^~~~~~~~~~~~~~~~~
make: *** [Core/Src/subdir.mk:34: Core/Src/main.o] Error 1
"make -j4 all" terminated with exit code 2. Build might be incomplete.
15:59:14 **** Incremental Build of configuration Debug for project cviceni5 ****
make -j4 all 
arm-none-eabi-gcc "../Core/Src/main.c" -mcpu=cortex-m0 -std=gnu11 -g3 -DDEBUG -DUSE_HAL_DRIVER -DSTM32F030x8 -c -I../Core/Inc -I../Drivers/STM32F0xx_HAL_Driver/Inc -I../Drivers/STM32F0xx_HAL_Driver/Inc/Legacy -I../Drivers/CMSIS/Device/ST/STM32F0xx/Include -I../Drivers/CMSIS/Include -O0 -ffunction-sections -fdata-sections -Wall -fstack-usage -fcyclomatic-complexity -MMD -MP -MF"Core/Src/main.d" -MT"Core/Src/main.o" --specs=nano.specs -mfloat-abi=soft -mthumb -o "Core/Src/main.o"
../Core/Src/main.c: In function 'uart_process_command':
../Core/Src/main.c:65:9: warning: implicit declaration of function 'printf' [-Wimplicit-function-declaration]
   65 |         printf("prijato: '%s'\n", cmd);
      |         ^~~~~~
../Core/Src/main.c:21:1: note: include '<stdio.h>' or provide a declaration of 'printf'
   20 | #include "main.h"
  +++ |+#include <stdio.h>
   21 | 
../Core/Src/main.c:65:9: warning: incompatible implicit declaration of built-in function 'printf' [-Wbuiltin-declaration-mismatch]
   65 |         printf("prijato: '%s'\n", cmd);
      |         ^~~~~~
../Core/Src/main.c:65:9: note: include '<stdio.h>' or provide a declaration of 'printf'
../Core/Src/main.c: In function 'uart_byte_available':
../Core/Src/main.c:76:26: error: 'CMD_BUFFER_LEN' undeclared (first use in this function); did you mean 'RX_BUFFER_LEN'?
   76 |         static char data[CMD_BUFFER_LEN];
      |                          ^~~~~~~~~~~~~~
      |                          RX_BUFFER_LEN
../Core/Src/main.c:76:26: note: each undeclared identifier is reported only once for each function it appears in
../Core/Src/main.c:76:21: warning: unused variable 'data' [-Wunused-variable]
   76 |         static char data[CMD_BUFFER_LEN];
      |                     ^~~~
../Core/Src/main.c: In function 'main':
../Core/Src/main.c:37:44: error: 'hdma_usart2_rx' undeclared (first use in this function)
   37 | #define uart_rx_write_ptr (RX_BUFFER_LEN - hdma_usart2_rx.Instance->CNDTR)
      |                                            ^~~~~~~~~~~~~~
../Core/Src/main.c:126:44: note: in expansion of macro 'uart_rx_write_ptr'
  126 |                 while (uart_rx_read_ptr != uart_rx_write_ptr) {
      |                                            ^~~~~~~~~~~~~~~~~
make: *** [Core/Src/subdir.mk:34: Core/Src/main.o] Error 1
"make -j4 all" terminated with exit code 2. Build might be incomplete.
16:00:27 **** Incremental Build of configuration Debug for project cviceni5 ****
make -j4 all 
arm-none-eabi-gcc "../Core/Src/main.c" -mcpu=cortex-m0 -std=gnu11 -g3 -DDEBUG -DUSE_HAL_DRIVER -DSTM32F030x8 -c -I../Core/Inc -I../Drivers/STM32F0xx_HAL_Driver/Inc -I../Drivers/STM32F0xx_HAL_Driver/Inc/Legacy -I../Drivers/CMSIS/Device/ST/STM32F0xx/Include -I../Drivers/CMSIS/Include -O0 -ffunction-sections -fdata-sections -Wall -fstack-usage -fcyclomatic-complexity -MMD -MP -MF"Core/Src/main.d" -MT"Core/Src/main.o" --specs=nano.specs -mfloat-abi=soft -mthumb -o "Core/Src/main.o"
../Core/Src/main.c: In function 'uart_process_command':
../Core/Src/main.c:65:9: warning: implicit declaration of function 'printf' [-Wimplicit-function-declaration]
   65 |         printf("prijato: '%s'\n", cmd);
      |         ^~~~~~
../Core/Src/main.c:21:1: note: include '<stdio.h>' or provide a declaration of 'printf'
   20 | #include "main.h"
  +++ |+#include <stdio.h>
   21 | 
../Core/Src/main.c:65:9: warning: incompatible implicit declaration of built-in function 'printf' [-Wbuiltin-declaration-mismatch]
   65 |         printf("prijato: '%s'\n", cmd);
      |         ^~~~~~
../Core/Src/main.c:65:9: note: include '<stdio.h>' or provide a declaration of 'printf'
../Core/Src/main.c: In function 'uart_byte_available':
../Core/Src/main.c:76:26: error: 'CMD_BUFFER_LEN' undeclared (first use in this function); did you mean 'RX_BUFFER_LEN'?
   76 |         static char data[CMD_BUFFER_LEN];
      |                          ^~~~~~~~~~~~~~
      |                          RX_BUFFER_LEN
../Core/Src/main.c:76:26: note: each undeclared identifier is reported only once for each function it appears in
../Core/Src/main.c:76:21: warning: unused variable 'data' [-Wunused-variable]
   76 |         static char data[CMD_BUFFER_LEN];
      |                     ^~~~
../Core/Src/main.c: In function 'main':
../Core/Src/main.c:37:44: error: 'hdma_usart2_rx' undeclared (first use in this function)
   37 | #define uart_rx_write_ptr (RX_BUFFER_LEN - hdma_usart2_rx.Instance->CNDTR)
      |                                            ^~~~~~~~~~~~~~
../Core/Src/main.c:128:44: note: in expansion of macro 'uart_rx_write_ptr'
  128 |                 while (uart_rx_read_ptr != uart_rx_write_ptr) {
      |                                            ^~~~~~~~~~~~~~~~~
make: *** [Core/Src/subdir.mk:34: Core/Src/main.o] Error 1
"make -j4 all" terminated with exit code 2. Build might be incomplete.
16:02:07 **** Incremental Build of configuration Debug for project cviceni5 ****
make -j4 all 
arm-none-eabi-gcc "../Core/Src/main.c" -mcpu=cortex-m0 -std=gnu11 -g3 -DDEBUG -DUSE_HAL_DRIVER -DSTM32F030x8 -c -I../Core/Inc -I../Drivers/STM32F0xx_HAL_Driver/Inc -I../Drivers/STM32F0xx_HAL_Driver/Inc/Legacy -I../Drivers/CMSIS/Device/ST/STM32F0xx/Include -I../Drivers/CMSIS/Include -O0 -ffunction-sections -fdata-sections -Wall -fstack-usage -fcyclomatic-complexity -MMD -MP -MF"Core/Src/main.d" -MT"Core/Src/main.o" --specs=nano.specs -mfloat-abi=soft -mthumb -o "Core/Src/main.o"
../Core/Src/main.c: In function 'uart_byte_available':
../Core/Src/main.c:77:26: error: 'CMD_BUFFER_LEN' undeclared (first use in this function); did you mean 'RX_BUFFER_LEN'?
   77 |         static char data[CMD_BUFFER_LEN];
      |                          ^~~~~~~~~~~~~~
      |                          RX_BUFFER_LEN
../Core/Src/main.c:77:26: note: each undeclared identifier is reported only once for each function it appears in
../Core/Src/main.c:77:21: warning: unused variable 'data' [-Wunused-variable]
   77 |         static char data[CMD_BUFFER_LEN];
      |                     ^~~~
../Core/Src/main.c: In function 'main':
../Core/Src/main.c:38:44: error: 'hdma_usart2_rx' undeclared (first use in this function)
   38 | #define uart_rx_write_ptr (RX_BUFFER_LEN - hdma_usart2_rx.Instance->CNDTR)
      |                                            ^~~~~~~~~~~~~~
../Core/Src/main.c:129:44: note: in expansion of macro 'uart_rx_write_ptr'
  129 |                 while (uart_rx_read_ptr != uart_rx_write_ptr) {
      |                                            ^~~~~~~~~~~~~~~~~
make: *** [Core/Src/subdir.mk:34: Core/Src/main.o] Error 1
"make -j4 all" terminated with exit code 2. Build might be incomplete.
16:02:39 **** Incremental Build of configuration Debug for project cviceni5 ****
make -j4 all 
arm-none-eabi-gcc "../Core/Src/main.c" -mcpu=cortex-m0 -std=gnu11 -g3 -DDEBUG -DUSE_HAL_DRIVER -DSTM32F030x8 -c -I../Core/Inc -I../Drivers/STM32F0xx_HAL_Driver/Inc -I../Drivers/STM32F0xx_HAL_Driver/Inc/Legacy -I../Drivers/CMSIS/Device/ST/STM32F0xx/Include -I../Drivers/CMSIS/Include -O0 -ffunction-sections -fdata-sections -Wall -fstack-usage -fcyclomatic-complexity -MMD -MP -MF"Core/Src/main.d" -MT"Core/Src/main.o" --specs=nano.specs -mfloat-abi=soft -mthumb -o "Core/Src/main.o"
../Core/Src/main.c: In function 'uart_byte_available':
../Core/Src/main.c:77:26: error: 'CMD_BUFFER_LEN' undeclared (first use in this function); did you mean 'RX_BUFFER_LEN'?
   77 |         static char data[CMD_BUFFER_LEN];
      |                          ^~~~~~~~~~~~~~
      |                          RX_BUFFER_LEN
../Core/Src/main.c:77:26: note: each undeclared identifier is reported only once for each function it appears in
../Core/Src/main.c:77:21: warning: unused variable 'data' [-Wunused-variable]
   77 |         static char data[CMD_BUFFER_LEN];
      |                     ^~~~
../Core/Src/main.c: In function 'main':
../Core/Src/main.c:38:44: error: 'hdma_usart2_rx' undeclared (first use in this function)
   38 | #define uart_rx_write_ptr (RX_BUFFER_LEN - hdma_usart2_rx.Instance->CNDTR)
      |                                            ^~~~~~~~~~~~~~
../Core/Src/main.c:129:44: note: in expansion of macro 'uart_rx_write_ptr'
  129 |                 while (uart_rx_read_ptr != uart_rx_write_ptr) {
      |                                            ^~~~~~~~~~~~~~~~~
make: *** [Core/Src/subdir.mk:34: Core/Src/main.o] Error 1
"make -j4 all" terminated with exit code 2. Build might be incomplete.
16:03:10 **** Incremental Build of configuration Debug for project cviceni5 ****
make -j4 all 
arm-none-eabi-gcc "../Core/Src/main.c" -mcpu=cortex-m0 -std=gnu11 -g3 -DDEBUG -DUSE_HAL_DRIVER -DSTM32F030x8 -c -I../Core/Inc -I../Drivers/STM32F0xx_HAL_Driver/Inc -I../Drivers/STM32F0xx_HAL_Driver/Inc/Legacy -I../Drivers/CMSIS/Device/ST/STM32F0xx/Include -I../Drivers/CMSIS/Include -O0 -ffunction-sections -fdata-sections -Wall -fstack-usage -fcyclomatic-complexity -MMD -MP -MF"Core/Src/main.d" -MT"Core/Src/main.o" --specs=nano.specs -mfloat-abi=soft -mthumb -o "Core/Src/main.o"
../Core/Src/main.c:21:10: fatal error: ../Core/Src/<stdio.h>: Invalid argument
   21 | #include "<stdio.h>"
      |          ^~~~~~~~~~~
compilation terminated.
make: *** [Core/Src/subdir.mk:34: Core/Src/main.o] Error 1
"make -j4 all" terminated with exit code 2. Build might be incomplete.
16:03:19 **** Incremental Build of configuration Debug for project cviceni5 ****
make -j4 all 
arm-none-eabi-gcc "../Core/Src/main.c" -mcpu=cortex-m0 -std=gnu11 -g3 -DDEBUG -DUSE_HAL_DRIVER -DSTM32F030x8 -c -I../Core/Inc -I../Drivers/STM32F0xx_HAL_Driver/Inc -I../Drivers/STM32F0xx_HAL_Driver/Inc/Legacy -I../Drivers/CMSIS/Device/ST/STM32F0xx/Include -I../Drivers/CMSIS/Include -O0 -ffunction-sections -fdata-sections -Wall -fstack-usage -fcyclomatic-complexity -MMD -MP -MF"Core/Src/main.d" -MT"Core/Src/main.o" --specs=nano.specs -mfloat-abi=soft -mthumb -o "Core/Src/main.o"
../Core/Src/main.c: In function 'uart_byte_available':
../Core/Src/main.c:77:26: error: 'CMD_BUFFER_LEN' undeclared (first use in this function); did you mean 'RX_BUFFER_LEN'?
   77 |         static char data[CMD_BUFFER_LEN];
      |                          ^~~~~~~~~~~~~~
      |                          RX_BUFFER_LEN
../Core/Src/main.c:77:26: note: each undeclared identifier is reported only once for each function it appears in
../Core/Src/main.c:77:21: warning: unused variable 'data' [-Wunused-variable]
   77 |         static char data[CMD_BUFFER_LEN];
      |                     ^~~~
../Core/Src/main.c: In function 'main':
../Core/Src/main.c:38:44: error: 'hdma_usart2_rx' undeclared (first use in this function)
   38 | #define uart_rx_write_ptr (RX_BUFFER_LEN - hdma_usart2_rx.Instance->CNDTR)
      |                                            ^~~~~~~~~~~~~~
../Core/Src/main.c:129:44: note: in expansion of macro 'uart_rx_write_ptr'
  129 |                 while (uart_rx_read_ptr != uart_rx_write_ptr) {
      |                                            ^~~~~~~~~~~~~~~~~
make: *** [Core/Src/subdir.mk:34: Core/Src/main.o] Error 1
"make -j4 all" terminated with exit code 2. Build might be incomplete.
16:04:43 **** Incremental Build of configuration Debug for project cviceni5 ****
make -j4 all 
arm-none-eabi-gcc "../Core/Src/main.c" -mcpu=cortex-m0 -std=gnu11 -g3 -DDEBUG -DUSE_HAL_DRIVER -DSTM32F030x8 -c -I../Core/Inc -I../Drivers/STM32F0xx_HAL_Driver/Inc -I../Drivers/STM32F0xx_HAL_Driver/Inc/Legacy -I../Drivers/CMSIS/Device/ST/STM32F0xx/Include -I../Drivers/CMSIS/Include -O0 -ffunction-sections -fdata-sections -Wall -fstack-usage -fcyclomatic-complexity -MMD -MP -MF"Core/Src/main.d" -MT"Core/Src/main.o" --specs=nano.specs -mfloat-abi=soft -mthumb -o "Core/Src/main.o"
../Core/Src/main.c: In function 'uart_byte_available':
../Core/Src/main.c:77:26: error: 'CMD_BUFFER_LEN' undeclared (first use in this function); did you mean 'RX_BUFFER_LEN'?
   77 |         static char data[CMD_BUFFER_LEN];
      |                          ^~~~~~~~~~~~~~
      |                          RX_BUFFER_LEN
../Core/Src/main.c:77:26: note: each undeclared identifier is reported only once for each function it appears in
../Core/Src/main.c:77:21: warning: unused variable 'data' [-Wunused-variable]
   77 |         static char data[CMD_BUFFER_LEN];
      |                     ^~~~
../Core/Src/main.c: In function 'main':
../Core/Src/main.c:38:44: error: 'hdma_usart2_rx' undeclared (first use in this function)
   38 | #define uart_rx_write_ptr (RX_BUFFER_LEN - hdma_usart2_rx.Instance->CNDTR)
      |                                            ^~~~~~~~~~~~~~
../Core/Src/main.c:127:44: note: in expansion of macro 'uart_rx_write_ptr'
  127 |                 while (uart_rx_read_ptr != uart_rx_write_ptr) {
      |                                            ^~~~~~~~~~~~~~~~~
make: *** [Core/Src/subdir.mk:34: Core/Src/main.o] Error 1
"make -j4 all" terminated with exit code 2. Build might be incomplete.
16:06:00 **** Incremental Build of configuration Debug for project cviceni5 ****
make -j4 all 
arm-none-eabi-gcc "../Core/Src/main.c" -mcpu=cortex-m0 -std=gnu11 -g3 -DDEBUG -DUSE_HAL_DRIVER -DSTM32F030x8 -c -I../Core/Inc -I../Drivers/STM32F0xx_HAL_Driver/Inc -I../Drivers/STM32F0xx_HAL_Driver/Inc/Legacy -I../Drivers/CMSIS/Device/ST/STM32F0xx/Include -I../Drivers/CMSIS/Include -O0 -ffunction-sections -fdata-sections -Wall -fstack-usage -fcyclomatic-complexity -MMD -MP -MF"Core/Src/main.d" -MT"Core/Src/main.o" --specs=nano.specs -mfloat-abi=soft -mthumb -o "Core/Src/main.o"
../Core/Src/main.c: In function 'uart_byte_available':
../Core/Src/main.c:80:26: error: 'CMD_BUFFER_LEN' undeclared (first use in this function); did you mean 'RX_BUFFER_LEN'?
   80 |         static char data[CMD_BUFFER_LEN];
      |                          ^~~~~~~~~~~~~~
      |                          RX_BUFFER_LEN
../Core/Src/main.c:80:26: note: each undeclared identifier is reported only once for each function it appears in
../Core/Src/main.c:80:21: warning: unused variable 'data' [-Wunused-variable]
   80 |         static char data[CMD_BUFFER_LEN];
      |                     ^~~~
../Core/Src/main.c: In function 'main':
../Core/Src/main.c:38:44: error: 'hdma_usart2_rx' undeclared (first use in this function)
   38 | #define uart_rx_write_ptr (RX_BUFFER_LEN - hdma_usart2_rx.Instance->CNDTR)
      |                                            ^~~~~~~~~~~~~~
../Core/Src/main.c:132:44: note: in expansion of macro 'uart_rx_write_ptr'
  132 |                 while (uart_rx_read_ptr != uart_rx_write_ptr) {
      |                                            ^~~~~~~~~~~~~~~~~
make: *** [Core/Src/subdir.mk:34: Core/Src/main.o] Error 1
"make -j4 all" terminated with exit code 2. Build might be incomplete.
16:07:04 **** Incremental Build of configuration Debug for project cviceni5 ****
make -j4 all 
arm-none-eabi-gcc "../Core/Src/main.c" -mcpu=cortex-m0 -std=gnu11 -g3 -DDEBUG -DUSE_HAL_DRIVER -DSTM32F030x8 -c -I../Core/Inc -I../Drivers/STM32F0xx_HAL_Driver/Inc -I../Drivers/STM32F0xx_HAL_Driver/Inc/Legacy -I../Drivers/CMSIS/Device/ST/STM32F0xx/Include -I../Drivers/CMSIS/Include -O0 -ffunction-sections -fdata-sections -Wall -fstack-usage -fcyclomatic-complexity -MMD -MP -MF"Core/Src/main.d" -MT"Core/Src/main.o" --specs=nano.specs -mfloat-abi=soft -mthumb -o "Core/Src/main.o"
../Core/Src/main.c: In function 'uart_byte_available':
../Core/Src/main.c:80:26: error: 'CMD_BUFFER_LEN' undeclared (first use in this function); did you mean 'RX_BUFFER_LEN'?
   80 |         static char data[CMD_BUFFER_LEN];
      |                          ^~~~~~~~~~~~~~
      |                          RX_BUFFER_LEN
../Core/Src/main.c:80:26: note: each undeclared identifier is reported only once for each function it appears in
../Core/Src/main.c:80:21: warning: unused variable 'data' [-Wunused-variable]
   80 |         static char data[CMD_BUFFER_LEN];
      |                     ^~~~
../Core/Src/main.c: In function 'main':
../Core/Src/main.c:38:44: error: 'hdma_usart2_rx' undeclared (first use in this function)
   38 | #define uart_rx_write_ptr (RX_BUFFER_LEN - hdma_usart2_rx.Instance->CNDTR)
      |                                            ^~~~~~~~~~~~~~
../Core/Src/main.c:130:44: note: in expansion of macro 'uart_rx_write_ptr'
  130 |                 while (uart_rx_read_ptr != uart_rx_write_ptr) {
      |                                            ^~~~~~~~~~~~~~~~~
make: *** [Core/Src/subdir.mk:34: Core/Src/main.o] Error 1
"make -j4 all" terminated with exit code 2. Build might be incomplete.
16:08:23 **** Incremental Build of configuration Debug for project cviceni5 ****
make -j4 all 
arm-none-eabi-gcc "../Core/Src/main.c" -mcpu=cortex-m0 -std=gnu11 -g3 -DDEBUG -DUSE_HAL_DRIVER -DSTM32F030x8 -c -I../Core/Inc -I../Drivers/STM32F0xx_HAL_Driver/Inc -I../Drivers/STM32F0xx_HAL_Driver/Inc/Legacy -I../Drivers/CMSIS/Device/ST/STM32F0xx/Include -I../Drivers/CMSIS/Include -O0 -ffunction-sections -fdata-sections -Wall -fstack-usage -fcyclomatic-complexity -MMD -MP -MF"Core/Src/main.d" -MT"Core/Src/main.o" --specs=nano.specs -mfloat-abi=soft -mthumb -o "Core/Src/main.o"
../Core/Src/main.c: In function 'main':
../Core/Src/main.c:38:44: error: 'hdma_usart2_rx' undeclared (first use in this function)
   38 | #define uart_rx_write_ptr (RX_BUFFER_LEN - hdma_usart2_rx.Instance->CNDTR)
      |                                            ^~~~~~~~~~~~~~
../Core/Src/main.c:131:44: note: in expansion of macro 'uart_rx_write_ptr'
  131 |                 while (uart_rx_read_ptr != uart_rx_write_ptr) {
      |                                            ^~~~~~~~~~~~~~~~~
../Core/Src/main.c:38:44: note: each undeclared identifier is reported only once for each function it appears in
   38 | #define uart_rx_write_ptr (RX_BUFFER_LEN - hdma_usart2_rx.Instance->CNDTR)
      |                                            ^~~~~~~~~~~~~~
../Core/Src/main.c:131:44: note: in expansion of macro 'uart_rx_write_ptr'
  131 |                 while (uart_rx_read_ptr != uart_rx_write_ptr) {
      |                                            ^~~~~~~~~~~~~~~~~
make: *** [Core/Src/subdir.mk:34: Core/Src/main.o] Error 1
"make -j4 all" terminated with exit code 2. Build might be incomplete.
16:09:01 **** Incremental Build of configuration Debug for project cviceni5 ****
make -j4 all 
arm-none-eabi-gcc "../Core/Src/main.c" -mcpu=cortex-m0 -std=gnu11 -g3 -DDEBUG -DUSE_HAL_DRIVER -DSTM32F030x8 -c -I../Core/Inc -I../Drivers/STM32F0xx_HAL_Driver/Inc -I../Drivers/STM32F0xx_HAL_Driver/Inc/Legacy -I../Drivers/CMSIS/Device/ST/STM32F0xx/Include -I../Drivers/CMSIS/Include -O0 -ffunction-sections -fdata-sections -Wall -fstack-usage -fcyclomatic-complexity -MMD -MP -MF"Core/Src/main.d" -MT"Core/Src/main.o" --specs=nano.specs -mfloat-abi=soft -mthumb -o "Core/Src/main.o"
../Core/Src/main.c: In function 'main':
../Core/Src/main.c:36:44: error: 'hdma_usart2_rx' undeclared (first use in this function)
   36 | #define uart_rx_write_ptr (RX_BUFFER_LEN - hdma_usart2_rx.Instance->CNDTR)
      |                                            ^~~~~~~~~~~~~~
../Core/Src/main.c:131:44: note: in expansion of macro 'uart_rx_write_ptr'
  131 |                 while (uart_rx_read_ptr != uart_rx_write_ptr) {
      |                                            ^~~~~~~~~~~~~~~~~
../Core/Src/main.c:36:44: note: each undeclared identifier is reported only once for each function it appears in
   36 | #define uart_rx_write_ptr (RX_BUFFER_LEN - hdma_usart2_rx.Instance->CNDTR)
      |                                            ^~~~~~~~~~~~~~
../Core/Src/main.c:131:44: note: in expansion of macro 'uart_rx_write_ptr'
  131 |                 while (uart_rx_read_ptr != uart_rx_write_ptr) {
      |                                            ^~~~~~~~~~~~~~~~~
make: *** [Core/Src/subdir.mk:34: Core/Src/main.o] Error 1
"make -j4 all" terminated with exit code 2. Build might be incomplete.
16:09:17 **** Incremental Build of configuration Debug for project cviceni5 ****
make -j4 all 
arm-none-eabi-gcc "../Core/Src/main.c" -mcpu=cortex-m0 -std=gnu11 -g3 -DDEBUG -DUSE_HAL_DRIVER -DSTM32F030x8 -c -I../Core/Inc -I../Drivers/STM32F0xx_HAL_Driver/Inc -I../Drivers/STM32F0xx_HAL_Driver/Inc/Legacy -I../Drivers/CMSIS/Device/ST/STM32F0xx/Include -I../Drivers/CMSIS/Include -O0 -ffunction-sections -fdata-sections -Wall -fstack-usage -fcyclomatic-complexity -MMD -MP -MF"Core/Src/main.d" -MT"Core/Src/main.o" --specs=nano.specs -mfloat-abi=soft -mthumb -o "Core/Src/main.o"
../Core/Src/main.c: In function 'main':
../Core/Src/main.c:36:44: error: 'hdma_usart2_rx' undeclared (first use in this function)
   36 | #define uart_rx_write_ptr (RX_BUFFER_LEN - hdma_usart2_rx.Instance->CNDTR)
      |                                            ^~~~~~~~~~~~~~
../Core/Src/main.c:132:44: note: in expansion of macro 'uart_rx_write_ptr'
  132 |                 while (uart_rx_read_ptr != uart_rx_write_ptr) {
      |                                            ^~~~~~~~~~~~~~~~~
../Core/Src/main.c:36:44: note: each undeclared identifier is reported only once for each function it appears in
   36 | #define uart_rx_write_ptr (RX_BUFFER_LEN - hdma_usart2_rx.Instance->CNDTR)
      |                                            ^~~~~~~~~~~~~~
../Core/Src/main.c:132:44: note: in expansion of macro 'uart_rx_write_ptr'
  132 |                 while (uart_rx_read_ptr != uart_rx_write_ptr) {
      |                                            ^~~~~~~~~~~~~~~~~
make: *** [Core/Src/subdir.mk:34: Core/Src/main.o] Error 1
"make -j4 all" terminated with exit code 2. Build might be incomplete.
16:09:37 **** Incremental Build of configuration Debug for project cviceni5 ****
make -j4 all 
arm-none-eabi-gcc "../Core/Src/main.c" -mcpu=cortex-m0 -std=gnu11 -g3 -DDEBUG -DUSE_HAL_DRIVER -DSTM32F030x8 -c -I../Core/Inc -I../Drivers/STM32F0xx_HAL_Driver/Inc -I../Drivers/STM32F0xx_HAL_Driver/Inc/Legacy -I../Drivers/CMSIS/Device/ST/STM32F0xx/Include -I../Drivers/CMSIS/Include -O0 -ffunction-sections -fdata-sections -Wall -fstack-usage -fcyclomatic-complexity -MMD -MP -MF"Core/Src/main.d" -MT"Core/Src/main.o" --specs=nano.specs -mfloat-abi=soft -mthumb -o "Core/Src/main.o"
../Core/Src/main.c: In function 'main':
../Core/Src/main.c:39:44: error: 'hdma_usart2_rx' undeclared (first use in this function)
   39 | #define uart_rx_write_ptr (RX_BUFFER_LEN - hdma_usart2_rx.Instance->CNDTR)
      |                                            ^~~~~~~~~~~~~~
../Core/Src/main.c:131:44: note: in expansion of macro 'uart_rx_write_ptr'
  131 |                 while (uart_rx_read_ptr != uart_rx_write_ptr) {
      |                                            ^~~~~~~~~~~~~~~~~
../Core/Src/main.c:39:44: note: each undeclared identifier is reported only once for each function it appears in
   39 | #define uart_rx_write_ptr (RX_BUFFER_LEN - hdma_usart2_rx.Instance->CNDTR)
      |                                            ^~~~~~~~~~~~~~
../Core/Src/main.c:131:44: note: in expansion of macro 'uart_rx_write_ptr'
  131 |                 while (uart_rx_read_ptr != uart_rx_write_ptr) {
      |                                            ^~~~~~~~~~~~~~~~~
make: *** [Core/Src/subdir.mk:34: Core/Src/main.o] Error 1
"make -j4 all" terminated with exit code 2. Build might be incomplete.
16:10:09 **** Incremental Build of configuration Debug for project cviceni5 ****
make -j4 all 
arm-none-eabi-gcc "../Core/Src/main.c" -mcpu=cortex-m0 -std=gnu11 -g3 -DDEBUG -DUSE_HAL_DRIVER -DSTM32F030x8 -c -I../Core/Inc -I../Drivers/STM32F0xx_HAL_Driver/Inc -I../Drivers/STM32F0xx_HAL_Driver/Inc/Legacy -I../Drivers/CMSIS/Device/ST/STM32F0xx/Include -I../Drivers/CMSIS/Include -O0 -ffunction-sections -fdata-sections -Wall -fstack-usage -fcyclomatic-complexity -MMD -MP -MF"Core/Src/main.d" -MT"Core/Src/main.o" --specs=nano.specs -mfloat-abi=soft -mthumb -o "Core/Src/main.o"
../Core/Src/main.c: In function 'main':
../Core/Src/main.c:36:44: error: 'hdma_usart2_rx' undeclared (first use in this function)
   36 | #define uart_rx_write_ptr (RX_BUFFER_LEN - hdma_usart2_rx.Instance->CNDTR)
      |                                            ^~~~~~~~~~~~~~
../Core/Src/main.c:130:44: note: in expansion of macro 'uart_rx_write_ptr'
  130 |                 while (uart_rx_read_ptr != uart_rx_write_ptr) {
      |                                            ^~~~~~~~~~~~~~~~~
../Core/Src/main.c:36:44: note: each undeclared identifier is reported only once for each function it appears in
   36 | #define uart_rx_write_ptr (RX_BUFFER_LEN - hdma_usart2_rx.Instance->CNDTR)
      |                                            ^~~~~~~~~~~~~~
../Core/Src/main.c:130:44: note: in expansion of macro 'uart_rx_write_ptr'
  130 |                 while (uart_rx_read_ptr != uart_rx_write_ptr) {
      |                                            ^~~~~~~~~~~~~~~~~
make: *** [Core/Src/subdir.mk:34: Core/Src/main.o] Error 1
"make -j4 all" terminated with exit code 2. Build might be incomplete.
16:17:20 **** Incremental Build of configuration Debug for project cviceni5 ****
make -j4 all 
arm-none-eabi-gcc "../Core/Src/main.c" -mcpu=cortex-m0 -std=gnu11 -g3 -DDEBUG -DUSE_HAL_DRIVER -DSTM32F030x8 -c -I../Core/Inc -I../Drivers/STM32F0xx_HAL_Driver/Inc -I../Drivers/STM32F0xx_HAL_Driver/Inc/Legacy -I../Drivers/CMSIS/Device/ST/STM32F0xx/Include -I../Drivers/CMSIS/Include -O0 -ffunction-sections -fdata-sections -Wall -fstack-usage -fcyclomatic-complexity -MMD -MP -MF"Core/Src/main.d" -MT"Core/Src/main.o" --specs=nano.specs -mfloat-abi=soft -mthumb -o "Core/Src/main.o"
../Core/Src/main.c: In function 'main':
../Core/Src/main.c:38:44: error: 'hdma_usart2_rx' undeclared (first use in this function)
   38 | #define uart_rx_write_ptr (RX_BUFFER_LEN - hdma_usart2_rx.Instance->CNDTR)
      |                                            ^~~~~~~~~~~~~~
../Core/Src/main.c:131:44: note: in expansion of macro 'uart_rx_write_ptr'
  131 |                 while (uart_rx_read_ptr != uart_rx_write_ptr) {
      |                                            ^~~~~~~~~~~~~~~~~
../Core/Src/main.c:38:44: note: each undeclared identifier is reported only once for each function it appears in
   38 | #define uart_rx_write_ptr (RX_BUFFER_LEN - hdma_usart2_rx.Instance->CNDTR)
      |                                            ^~~~~~~~~~~~~~
../Core/Src/main.c:131:44: note: in expansion of macro 'uart_rx_write_ptr'
  131 |                 while (uart_rx_read_ptr != uart_rx_write_ptr) {
      |                                            ^~~~~~~~~~~~~~~~~
make: *** [Core/Src/subdir.mk:34: Core/Src/main.o] Error 1
"make -j4 all" terminated with exit code 2. Build might be incomplete.
16:18:44 **** Incremental Build of configuration Debug for project cviceni5 ****
make -j4 all 
arm-none-eabi-gcc "../Core/Src/main.c" -mcpu=cortex-m0 -std=gnu11 -g3 -DDEBUG -DUSE_HAL_DRIVER -DSTM32F030x8 -c -I../Core/Inc -I../Drivers/STM32F0xx_HAL_Driver/Inc -I../Drivers/STM32F0xx_HAL_Driver/Inc/Legacy -I../Drivers/CMSIS/Device/ST/STM32F0xx/Include -I../Drivers/CMSIS/Include -O0 -ffunction-sections -fdata-sections -Wall -fstack-usage -fcyclomatic-complexity -MMD -MP -MF"Core/Src/main.d" -MT"Core/Src/main.o" --specs=nano.specs -mfloat-abi=soft -mthumb -o "Core/Src/main.o"
../Core/Src/main.c: In function 'main':
../Core/Src/main.c:38:44: error: 'hdma_usart2_rx' undeclared (first use in this function)
   38 | #define uart_rx_write_ptr (RX_BUFFER_LEN - hdma_usart2_rx.Instance->CNDTR)
      |                                            ^~~~~~~~~~~~~~
../Core/Src/main.c:133:44: note: in expansion of macro 'uart_rx_write_ptr'
  133 |                 while (uart_rx_read_ptr != uart_rx_write_ptr) {
      |                                            ^~~~~~~~~~~~~~~~~
../Core/Src/main.c:38:44: note: each undeclared identifier is reported only once for each function it appears in
   38 | #define uart_rx_write_ptr (RX_BUFFER_LEN - hdma_usart2_rx.Instance->CNDTR)
      |                                            ^~~~~~~~~~~~~~
../Core/Src/main.c:133:44: note: in expansion of macro 'uart_rx_write_ptr'
  133 |                 while (uart_rx_read_ptr != uart_rx_write_ptr) {
      |                                            ^~~~~~~~~~~~~~~~~
make: *** [Core/Src/subdir.mk:34: Core/Src/main.o] Error 1
"make -j4 all" terminated with exit code 2. Build might be incomplete.
16:20:45 **** Incremental Build of configuration Debug for project cviceni5 ****
make -j4 all 
arm-none-eabi-gcc "../Core/Src/main.c" -mcpu=cortex-m0 -std=gnu11 -g3 -DDEBUG -DUSE_HAL_DRIVER -DSTM32F030x8 -c -I../Core/Inc -I../Drivers/STM32F0xx_HAL_Driver/Inc -I../Drivers/STM32F0xx_HAL_Driver/Inc/Legacy -I../Drivers/CMSIS/Device/ST/STM32F0xx/Include -I../Drivers/CMSIS/Include -O0 -ffunction-sections -fdata-sections -Wall -fstack-usage -fcyclomatic-complexity -MMD -MP -MF"Core/Src/main.d" -MT"Core/Src/main.o" --specs=nano.specs -mfloat-abi=soft -mthumb -o "Core/Src/main.o"
../Core/Src/main.c: In function 'main':
../Core/Src/main.c:40:44: error: 'hdma_usart2_rx' undeclared (first use in this function)
   40 | #define uart_rx_write_ptr (RX_BUFFER_LEN - hdma_usart2_rx.Instance->CNDTR)
      |                                            ^~~~~~~~~~~~~~
../Core/Src/main.c:135:44: note: in expansion of macro 'uart_rx_write_ptr'
  135 |                 while (uart_rx_read_ptr != uart_rx_write_ptr) {
      |                                            ^~~~~~~~~~~~~~~~~
../Core/Src/main.c:40:44: note: each undeclared identifier is reported only once for each function it appears in
   40 | #define uart_rx_write_ptr (RX_BUFFER_LEN - hdma_usart2_rx.Instance->CNDTR)
      |                                            ^~~~~~~~~~~~~~
../Core/Src/main.c:135:44: note: in expansion of macro 'uart_rx_write_ptr'
  135 |                 while (uart_rx_read_ptr != uart_rx_write_ptr) {
      |                                            ^~~~~~~~~~~~~~~~~
make: *** [Core/Src/subdir.mk:34: Core/Src/main.o] Error 1
"make -j4 all" terminated with exit code 2. Build might be incomplete.
16:27:07 **** Incremental Build of configuration Debug for project cviceni5 ****
make -j4 all 
arm-none-eabi-gcc "../Core/Src/main.c" -mcpu=cortex-m0 -std=gnu11 -g3 -DDEBUG -DUSE_HAL_DRIVER -DSTM32F030x8 -c -I../Core/Inc -I../Drivers/STM32F0xx_HAL_Driver/Inc -I../Drivers/STM32F0xx_HAL_Driver/Inc/Legacy -I../Drivers/CMSIS/Device/ST/STM32F0xx/Include -I../Drivers/CMSIS/Include -O0 -ffunction-sections -fdata-sections -Wall -fstack-usage -fcyclomatic-complexity -MMD -MP -MF"Core/Src/main.d" -MT"Core/Src/main.o" --specs=nano.specs -mfloat-abi=soft -mthumb -o "Core/Src/main.o"
../Core/Src/main.c: In function 'main':
../Core/Src/main.c:120:3: warning: implicit declaration of function 'MX_DMA_Init'; did you mean 'HAL_DMA_Init'? [-Wimplicit-function-declaration]
  120 |   MX_DMA_Init();
      |   ^~~~~~~~~~~
      |   HAL_DMA_Init
../Core/Src/main.c:39:44: error: 'hdma_usart2_rx' undeclared (first use in this function)
   39 | #define uart_rx_write_ptr (RX_BUFFER_LEN - hdma_usart2_rx.Instance->CNDTR)
      |                                            ^~~~~~~~~~~~~~
../Core/Src/main.c:136:44: note: in expansion of macro 'uart_rx_write_ptr'
  136 |                 while (uart_rx_read_ptr != uart_rx_write_ptr) {
      |                                            ^~~~~~~~~~~~~~~~~
../Core/Src/main.c:39:44: note: each undeclared identifier is reported only once for each function it appears in
   39 | #define uart_rx_write_ptr (RX_BUFFER_LEN - hdma_usart2_rx.Instance->CNDTR)
      |                                            ^~~~~~~~~~~~~~
../Core/Src/main.c:136:44: note: in expansion of macro 'uart_rx_write_ptr'
  136 |                 while (uart_rx_read_ptr != uart_rx_write_ptr) {
      |                                            ^~~~~~~~~~~~~~~~~
make: *** [Core/Src/subdir.mk:34: Core/Src/main.o] Error 1
"make -j4 all" terminated with exit code 2. Build might be incomplete.
16:28:38 **** Incremental Build of configuration Debug for project cviceni5 ****
make -j4 all 
arm-none-eabi-gcc "../Core/Src/main.c" -mcpu=cortex-m0 -std=gnu11 -g3 -DDEBUG -DUSE_HAL_DRIVER -DSTM32F030x8 -c -I../Core/Inc -I../Drivers/STM32F0xx_HAL_Driver/Inc -I../Drivers/STM32F0xx_HAL_Driver/Inc/Legacy -I../Drivers/CMSIS/Device/ST/STM32F0xx/Include -I../Drivers/CMSIS/Include -O0 -ffunction-sections -fdata-sections -Wall -fstack-usage -fcyclomatic-complexity -MMD -MP -MF"Core/Src/main.d" -MT"Core/Src/main.o" --specs=nano.specs -mfloat-abi=soft -mthumb -o "Core/Src/main.o"
../Core/Src/main.c: In function 'main':
../Core/Src/main.c:120:3: warning: implicit declaration of function 'MX_DMA_Init'; did you mean 'HAL_DMA_Init'? [-Wimplicit-function-declaration]
  120 |   MX_DMA_Init();
      |   ^~~~~~~~~~~
      |   HAL_DMA_Init
../Core/Src/main.c:39:44: error: 'hdma_usart2_rx' undeclared (first use in this function)
   39 | #define uart_rx_write_ptr (RX_BUFFER_LEN - hdma_usart2_rx.Instance->CNDTR)
      |                                            ^~~~~~~~~~~~~~
../Core/Src/main.c:136:44: note: in expansion of macro 'uart_rx_write_ptr'
  136 |                 while (uart_rx_read_ptr != uart_rx_write_ptr) {
      |                                            ^~~~~~~~~~~~~~~~~
../Core/Src/main.c:39:44: note: each undeclared identifier is reported only once for each function it appears in
   39 | #define uart_rx_write_ptr (RX_BUFFER_LEN - hdma_usart2_rx.Instance->CNDTR)
      |                                            ^~~~~~~~~~~~~~
../Core/Src/main.c:136:44: note: in expansion of macro 'uart_rx_write_ptr'
  136 |                 while (uart_rx_read_ptr != uart_rx_write_ptr) {
      |                                            ^~~~~~~~~~~~~~~~~
make: *** [Core/Src/subdir.mk:34: Core/Src/main.o] Error 1
"make -j4 all" terminated with exit code 2. Build might be incomplete.
16:32:13 **** Incremental Build of configuration Debug for project cviceni5 ****
make -j4 all 
arm-none-eabi-gcc "../Core/Src/main.c" -mcpu=cortex-m0 -std=gnu11 -g3 -DDEBUG -DUSE_HAL_DRIVER -DSTM32F030x8 -c -I../Core/Inc -I../Drivers/STM32F0xx_HAL_Driver/Inc -I../Drivers/STM32F0xx_HAL_Driver/Inc/Legacy -I../Drivers/CMSIS/Device/ST/STM32F0xx/Include -I../Drivers/CMSIS/Include -O0 -ffunction-sections -fdata-sections -Wall -fstack-usage -fcyclomatic-complexity -MMD -MP -MF"Core/Src/main.d" -MT"Core/Src/main.o" --specs=nano.specs -mfloat-abi=soft -mthumb -o "Core/Src/main.o"
arm-none-eabi-gcc "../Core/Src/stm32f0xx_hal_msp.c" -mcpu=cortex-m0 -std=gnu11 -g3 -DDEBUG -DUSE_HAL_DRIVER -DSTM32F030x8 -c -I../Core/Inc -I../Drivers/STM32F0xx_HAL_Driver/Inc -I../Drivers/STM32F0xx_HAL_Driver/Inc/Legacy -I../Drivers/CMSIS/Device/ST/STM32F0xx/Include -I../Drivers/CMSIS/Include -O0 -ffunction-sections -fdata-sections -Wall -fstack-usage -fcyclomatic-complexity -MMD -MP -MF"Core/Src/stm32f0xx_hal_msp.d" -MT"Core/Src/stm32f0xx_hal_msp.o" --specs=nano.specs -mfloat-abi=soft -mthumb -o "Core/Src/stm32f0xx_hal_msp.o"
arm-none-eabi-gcc "../Core/Src/stm32f0xx_it.c" -mcpu=cortex-m0 -std=gnu11 -g3 -DDEBUG -DUSE_HAL_DRIVER -DSTM32F030x8 -c -I../Core/Inc -I../Drivers/STM32F0xx_HAL_Driver/Inc -I../Drivers/STM32F0xx_HAL_Driver/Inc/Legacy -I../Drivers/CMSIS/Device/ST/STM32F0xx/Include -I../Drivers/CMSIS/Include -O0 -ffunction-sections -fdata-sections -Wall -fstack-usage -fcyclomatic-complexity -MMD -MP -MF"Core/Src/stm32f0xx_it.d" -MT"Core/Src/stm32f0xx_it.o" --specs=nano.specs -mfloat-abi=soft -mthumb -o "Core/Src/stm32f0xx_it.o"
arm-none-eabi-gcc -o "cviceni5.elf" @"objects.list"   -mcpu=cortex-m0 -T"C:\Temp\xhroch01\MKS\MKScv5\cviceni5\STM32F030R8TX_FLASH.ld" --specs=nosys.specs -Wl,-Map="cviceni5.map" -Wl,--gc-sections -static --specs=nano.specs -mfloat-abi=soft -mthumb -Wl,--start-group -lc -lm -Wl,--end-group
Finished building target: cviceni5.elf
 
arm-none-eabi-size   cviceni5.elf 
arm-none-eabi-objdump -h -S  cviceni5.elf  > "cviceni5.list"
   text	   data	    bss	    dec	    hex	filename
  13964	    112	   2432	  16508	   407c	cviceni5.elf
Finished building: default.size.stdout
 
Finished building: cviceni5.list
 
16:32:23 **** Incremental Build of configuration Debug for project cviceni5 ****
make -j4 all 
arm-none-eabi-size   cviceni5.elf 
   text	   data	    bss	    dec	    hex	filename
  13964	    112	   2432	  16508	   407c	cviceni5.elf
Finished building: default.size.stdout
 
16:40:05 **** Incremental Build of configuration Debug for project cviceni5 ****
make -j4 all 
arm-none-eabi-gcc "../Core/Src/main.c" -mcpu=cortex-m0 -std=gnu11 -g3 -DDEBUG -DUSE_HAL_DRIVER -DSTM32F030x8 -c -I../Core/Inc -I../Drivers/STM32F0xx_HAL_Driver/Inc -I../Drivers/STM32F0xx_HAL_Driver/Inc/Legacy -I../Drivers/CMSIS/Device/ST/STM32F0xx/Include -I../Drivers/CMSIS/Include -O0 -ffunction-sections -fdata-sections -Wall -fstack-usage -fcyclomatic-complexity -MMD -MP -MF"Core/Src/main.d" -MT"Core/Src/main.o" --specs=nano.specs -mfloat-abi=soft -mthumb -o "Core/Src/main.o"
arm-none-eabi-gcc "../Core/Src/stm32f0xx_hal_msp.c" -mcpu=cortex-m0 -std=gnu11 -g3 -DDEBUG -DUSE_HAL_DRIVER -DSTM32F030x8 -c -I../Core/Inc -I../Drivers/STM32F0xx_HAL_Driver/Inc -I../Drivers/STM32F0xx_HAL_Driver/Inc/Legacy -I../Drivers/CMSIS/Device/ST/STM32F0xx/Include -I../Drivers/CMSIS/Include -O0 -ffunction-sections -fdata-sections -Wall -fstack-usage -fcyclomatic-complexity -MMD -MP -MF"Core/Src/stm32f0xx_hal_msp.d" -MT"Core/Src/stm32f0xx_hal_msp.o" --specs=nano.specs -mfloat-abi=soft -mthumb -o "Core/Src/stm32f0xx_hal_msp.o"
arm-none-eabi-gcc "../Core/Src/stm32f0xx_it.c" -mcpu=cortex-m0 -std=gnu11 -g3 -DDEBUG -DUSE_HAL_DRIVER -DSTM32F030x8 -c -I../Core/Inc -I../Drivers/STM32F0xx_HAL_Driver/Inc -I../Drivers/STM32F0xx_HAL_Driver/Inc/Legacy -I../Drivers/CMSIS/Device/ST/STM32F0xx/Include -I../Drivers/CMSIS/Include -O0 -ffunction-sections -fdata-sections -Wall -fstack-usage -fcyclomatic-complexity -MMD -MP -MF"Core/Src/stm32f0xx_it.d" -MT"Core/Src/stm32f0xx_it.o" --specs=nano.specs -mfloat-abi=soft -mthumb -o "Core/Src/stm32f0xx_it.o"
arm-none-eabi-gcc -o "cviceni5.elf" @"objects.list"   -mcpu=cortex-m0 -T"C:\Temp\xhroch01\MKS\MKScv5\cviceni5\STM32F030R8TX_FLASH.ld" --specs=nosys.specs -Wl,-Map="cviceni5.map" -Wl,--gc-sections -static --specs=nano.specs -mfloat-abi=soft -mthumb -Wl,--start-group -lc -lm -Wl,--end-group
Finished building target: cviceni5.elf
 
arm-none-eabi-size   cviceni5.elf 
arm-none-eabi-objdump -h -S  cviceni5.elf  > "cviceni5.list"
   text	   data	    bss	    dec	    hex	filename
  14044	    112	   2432	  16588	   40cc	cviceni5.elf
Finished building: default.size.stdout
 
Finished building: cviceni5.list
 
16:40:08 **** Incremental Build of configuration Debug for project cviceni5 ****
make -j4 all 
arm-none-eabi-size   cviceni5.elf 
   text	   data	    bss	    dec	    hex	filename
  14044	    112	   2432	  16588	   40cc	cviceni5.elf
Finished building: default.size.stdout
 
